Component: ARM Compiler 5.06 update 7 (build 960) Tool: armlink [4d3601]

==============================================================================

Section Cross References

    startup_stm32f103xb.o(STACK) refers (Special) to heapauxi.o(.text) for __use_two_region_memory
    startup_stm32f103xb.o(HEAP) refers (Special) to heapauxi.o(.text) for __use_two_region_memory
    startup_stm32f103xb.o(RESET) refers (Special) to heapauxi.o(.text) for __use_two_region_memory
    startup_stm32f103xb.o(RESET) refers to startup_stm32f103xb.o(STACK) for __initial_sp
    startup_stm32f103xb.o(RESET) refers to startup_stm32f103xb.o(.text) for Reset_Handler
    startup_stm32f103xb.o(RESET) refers to stm32f1xx_it.o(i.NMI_Handler) for NMI_Handler
    startup_stm32f103xb.o(RESET) refers to stm32f1xx_it.o(i.HardFault_Handler) for HardFault_Handler
    startup_stm32f103xb.o(RESET) refers to stm32f1xx_it.o(i.MemManage_Handler) for MemManage_Handler
    startup_stm32f103xb.o(RESET) refers to stm32f1xx_it.o(i.BusFault_Handler) for BusFault_Handler
    startup_stm32f103xb.o(RESET) refers to stm32f1xx_it.o(i.UsageFault_Handler) for UsageFault_Handler
    startup_stm32f103xb.o(RESET) refers to stm32f1xx_it.o(i.SVC_Handler) for SVC_Handler
    startup_stm32f103xb.o(RESET) refers to stm32f1xx_it.o(i.DebugMon_Handler) for DebugMon_Handler
    startup_stm32f103xb.o(RESET) refers to stm32f1xx_it.o(i.PendSV_Handler) for PendSV_Handler
    startup_stm32f103xb.o(RESET) refers to stm32f1xx_it.o(i.SysTick_Handler) for SysTick_Handler
    startup_stm32f103xb.o(.text) refers (Special) to heapauxi.o(.text) for __use_two_region_memory
    startup_stm32f103xb.o(.text) refers to system_stm32f1xx.o(i.SystemInit) for SystemInit
    startup_stm32f103xb.o(.text) refers to __main.o(!!!main) for __main
    startup_stm32f103xb.o(.text) refers to startup_stm32f103xb.o(HEAP) for Heap_Mem
    startup_stm32f103xb.o(.text) refers to startup_stm32f103xb.o(STACK) for Stack_Mem
    main.o(i.SystemClock_Config) refers to rt_memclr_w.o(.text) for __aeabi_memclr4
    main.o(i.SystemClock_Config) refers to stm32f1xx_hal_rcc.o(i.HAL_RCC_OscConfig) for HAL_RCC_OscConfig
    main.o(i.SystemClock_Config) refers to stm32f1xx_hal_rcc.o(i.HAL_RCC_ClockConfig) for HAL_RCC_ClockConfig
    main.o(i.fputc) refers to stm32f1xx_hal_uart.o(i.HAL_UART_Transmit) for HAL_UART_Transmit
    main.o(i.fputc) refers to usart.o(.bss) for huart1
    main.o(i.main) refers to stm32f1xx_hal.o(i.HAL_Init) for HAL_Init
    main.o(i.main) refers to main.o(i.SystemClock_Config) for SystemClock_Config
    main.o(i.main) refers to gpio.o(i.MX_GPIO_Init) for MX_GPIO_Init
    main.o(i.main) refers to crc.o(i.MX_CRC_Init) for MX_CRC_Init
    main.o(i.main) refers to usart.o(i.MX_USART1_UART_Init) for MX_USART1_UART_Init
    main.o(i.main) refers to tasks.o(i.xTaskCreate) for xTaskCreate
    main.o(i.main) refers to tasks.o(i.vTaskStartScheduler) for vTaskStartScheduler
    main.o(i.main) refers to main.o(.data) for .data
    main.o(i.main) refers to main.o(i.task) for task
    main.o(i.task) refers to _printf_percent.o(.ARM.Collect$$_printf_percent$$00000000) for _printf_percent
    main.o(i.task) refers to _printf_c.o(.ARM.Collect$$_printf_percent$$00000013) for _printf_c
    main.o(i.task) refers to _printf_str.o(.text) for _printf_str
    main.o(i.task) refers to stm32f1xx_hal_gpio.o(i.HAL_GPIO_TogglePin) for HAL_GPIO_TogglePin
    main.o(i.task) refers to stm32f1xx_hal.o(i.HAL_Delay) for HAL_Delay
    main.o(i.task) refers to noretval__2printf.o(.text) for __2printf
    gpio.o(i.MX_GPIO_Init) refers to stm32f1xx_hal_gpio.o(i.HAL_GPIO_WritePin) for HAL_GPIO_WritePin
    gpio.o(i.MX_GPIO_Init) refers to stm32f1xx_hal_gpio.o(i.HAL_GPIO_Init) for HAL_GPIO_Init
    crc.o(i.MX_CRC_Init) refers to stm32f1xx_hal_crc.o(i.HAL_CRC_Init) for HAL_CRC_Init
    crc.o(i.MX_CRC_Init) refers to main.o(i.Error_Handler) for Error_Handler
    crc.o(i.MX_CRC_Init) refers to crc.o(.data) for .data
    usart.o(i.HAL_UART_MspDeInit) refers to stm32f1xx_hal_gpio.o(i.HAL_GPIO_DeInit) for HAL_GPIO_DeInit
    usart.o(i.HAL_UART_MspInit) refers to stm32f1xx_hal_gpio.o(i.HAL_GPIO_Init) for HAL_GPIO_Init
    usart.o(i.MX_USART1_UART_Init) refers to stm32f1xx_hal_uart.o(i.HAL_UART_Init) for HAL_UART_Init
    usart.o(i.MX_USART1_UART_Init) refers to main.o(i.Error_Handler) for Error_Handler
    usart.o(i.MX_USART1_UART_Init) refers to usart.o(.bss) for .bss
    stm32f1xx_it.o(i.SysTick_Handler) refers to stm32f1xx_hal.o(i.HAL_IncTick) for HAL_IncTick
    stm32f1xx_hal_crc.o(i.HAL_CRC_DeInit) refers to crc.o(i.HAL_CRC_MspDeInit) for HAL_CRC_MspDeInit
    stm32f1xx_hal_crc.o(i.HAL_CRC_Init) refers to crc.o(i.HAL_CRC_MspInit) for HAL_CRC_MspInit
    stm32f1xx_hal.o(i.HAL_DeInit) refers to stm32f1xx_hal.o(i.HAL_MspDeInit) for HAL_MspDeInit
    stm32f1xx_hal.o(i.HAL_Delay) refers to stm32f1xx_hal.o(i.HAL_GetTick) for HAL_GetTick
    stm32f1xx_hal.o(i.HAL_Delay) refers to stm32f1xx_hal.o(.data) for .data
[...]
    ../clib/printf_percent.s                 0x00000000   Number         0  _printf_percent_end.o ABSOLUTE
    ../clib/printf_percent.s                 0x00000000   Number         0  _printf_percent.o ABSOLUTE
    ../clib/printf_percent.s                 0x00000000   Number         0  _printf_c.o ABSOLUTE
    ../clib/signal.c                         0x00000000   Number         0  defsig_rtred_formal.o ABSOLUTE
    ../clib/signal.c                         0x00000000   Number         0  defsig_rtred_outer.o ABSOLUTE
    ../clib/signal.c                         0x00000000   Number         0  defsig_pvfn_inner.o ABSOLUTE
    ../clib/signal.c                         0x00000000   Number         0  defsig_stak_inner.o ABSOLUTE
    ../clib/signal.c                         0x00000000   Number         0  defsig_abrt_inner.o ABSOLUTE
    ../clib/signal.c                         0x00000000   Number         0  defsig_fpe_inner.o ABSOLUTE
    ../clib/signal.c                         0x00000000   Number         0  defsig_rtmem_inner.o ABSOLUTE
    ../clib/signal.c                         0x00000000   Number         0  defsig_rtred_inner.o ABSOLUTE
    ../clib/signal.c                         0x00000000   Number         0  defsig_rtmem_formal.o ABSOLUTE
    ../clib/signal.c                         0x00000000   Number         0  __raise.o ABSOLUTE
    ../clib/signal.c                         0x00000000   Number         0  defsig_general.o ABSOLUTE
    ../clib/signal.c                         0x00000000   Number         0  defsig_rtmem_outer.o ABSOLUTE
    ../clib/signal.c                         0x00000000   Number         0  defsig_exit.o ABSOLUTE
    ../clib/signal.c                         0x00000000   Number         0  defsig_other.o ABSOLUTE
    ../clib/signal.c                         0x00000000   Number         0  defsig_segv_inner.o ABSOLUTE
    ../clib/signal.c                         0x00000000   Number         0  defsig_cppl_inner.o ABSOLUTE
    ../clib/signal.s                         0x00000000   Number         0  defsig.o ABSOLUTE
    ../clib/stdio.c                          0x00000000   Number         0  fseek.o ABSOLUTE
    ../clib/stdio.c                          0x00000000   Number         0  fopen_locked.o ABSOLUTE
    ../clib/stdio.c                          0x00000000   Number         0  setvbuf_locked.o ABSOLUTE
    ../clib/stdio.c                          0x00000000   Number         0  fclose.o ABSOLUTE
    ../clib/stdio.c                          0x00000000   Number         0  stdio.o ABSOLUTE
    ../clib/stdio.c                          0x00000000   Number         0  fopen.o ABSOLUTE
    ../clib/stdio.c                          0x00000000   Number         0  streamlock.o ABSOLUTE
    ../clib/stdio.c                          0x00000000   Number         0  initio_locked.o ABSOLUTE
    ../clib/stdio.c                          0x00000000   Number         0  ferror_locked.o ABSOLUTE
    ../clib/stdio.c                          0x00000000   Number         0  initio.o ABSOLUTE
    ../clib/stdio.c                          0x00000000   Number         0  ferror.o ABSOLUTE
    ../clib/stdio.c                          0x00000000   Number         0  ftell.o ABSOLUTE
    ../clib/stdio.c                          0x00000000   Number         0  stdio_streams.o ABSOLUTE
    ../clib/stdio.c                          0x00000000   Number         0  setvbuf.o ABSOLUTE
    ../clib/stdlib.c                         0x00000000   Number         0  exit.o ABSOLUTE
    ../clib/string.c                         0x00000000   Number         0  strlen.o ABSOLUTE
    ../fplib/fpinit.s                        0x00000000   Number         0  fpinit.o ABSOLUTE
    ..\Core\Src\crc.c                        0x00000000   Number         0  crc.o ABSOLUTE
    ..\Core\Src\gpio.c                       0x00000000   Number         0  gpio.o ABSOLUTE
    ..\Core\Src\main.c                       0x00000000   Number         0  main.o ABSOLUTE
    ..\Core\Src\stm32f1xx_hal_msp.c          0x00000000   Number         0  stm32f1xx_hal_msp.o ABSOLUTE
    ..\Core\Src\stm32f1xx_it.c               0x00000000   Number         0  stm32f1xx_it.o ABSOLUTE
    ..\Core\Src\system_stm32f1xx.c           0x00000000   Number         0  system_stm32f1xx.o ABSOLUTE
    ..\Core\Src\usart.c                      0x00000000   Number         0  usart.o ABSOLUTE
    C:/Users/w0x7ce/STM32Cube/Repository/STM32Cube_FW_F1_V1.8.4/Drivers/STM32F1xx_HAL_Driver/Src/stm32f1xx_hal.c 0x00000000   Number         0  stm32f1xx_hal.o ABSOLUTE
    C:/Users/w0x7ce/STM32Cube/Repository/STM32Cube_FW_F1_V1.8.4/Drivers/STM32F1xx_HAL_Driver/Src/stm32f1xx_hal_cortex.c 0x00000000   Number         0  stm32f1xx_hal_cortex.o ABSOLUTE
    C:/Users/w0x7ce/STM32Cube/Repository/STM32Cube_FW_F1_V1.8.4/Drivers/STM32F1xx_HAL_Driver/Src/stm32f1xx_hal_crc.c 0x00000000   Number         0  stm32f1xx_hal_crc.o ABSOLUTE
    C:/Users/w0x7ce/STM32Cube/Repository/STM32Cube_FW_F1_V1.8.4/Drivers/STM32F1xx_HAL_Driver/Src/stm32f1xx_hal_dma.c 0x00000000   Number         0  stm32f1xx_hal_dma.o ABSOLUTE
    C:/Users/w0x7ce/STM32Cube/Repository/STM32Cube_FW_F1_V1.8.4/Drivers/STM32F1xx_HAL_Driver/Src/stm32f1xx_hal_exti.c 0x00000000   Number         0  stm32f1xx_hal_exti.o ABSOLUTE
    C:/Users/w0x7ce/STM32Cube/Repository/STM32Cube_FW_F1_V1.8.4/Drivers/STM32F1xx_HAL_Driver/Src/stm32f1xx_hal_flash.c 0x00000000   Number         0  stm32f1xx_hal_flash.o ABSOLUTE
    C:/Users/w0x7ce/STM32Cube/Repository/STM32Cube_FW_F1_V1.8.4/Drivers/STM32F1xx_HAL_Driver/Src/stm32f1xx_hal_flash_ex.c 0x00000000   Number         0  stm32f1xx_hal_flash_ex.o ABSOLUTE
    C:/Users/w0x7ce/STM32Cube/Repository/STM32Cube_FW_F1_V1.8.4/Drivers/STM32F1xx_HAL_Driver/Src/stm32f1xx_hal_gpio.c 0x00000000   Number         0  stm32f1xx_hal_gpio.o ABSOLUTE
    C:/Users/w0x7ce/STM32Cube/Repository/STM32Cube_FW_F1_V1.8.4/Drivers/STM32F1xx_HAL_Driver/Src/stm32f1xx_hal_gpio_ex.c 0x00000000   Number         0  stm32f1xx_hal_gpio_ex.o ABSOLUTE
    C:/Users/w0x7ce/STM32Cube/Repository/STM32Cube_FW_F1_V1.8.4/Drivers/STM32F1xx_HAL_Driver/Src/stm32f1xx_hal_pwr.c 0x00000000   Number         0  stm32f1xx_hal_pwr.o ABSOLUTE
    C:/Users/w0x7ce/STM32Cube/Repository/STM32Cube_FW_F1_V1.8.4/Drivers/STM32F1xx_HAL_Driver/Src/stm32f1xx_hal_rcc.c 0x00000000   Number         0  stm32f1xx_hal_rcc.o ABSOLUTE
    C:/Users/w0x7ce/STM32Cube/Repository/STM32Cube_FW_F1_V1.8.4/Drivers/STM32F1xx_HAL_Driver/Src/stm32f1xx_hal_rcc_ex.c 0x00000000   Number         0  stm32f1xx_hal_rcc_ex.o ABSOLUTE
    C:/Users/w0x7ce/STM32Cube/Repository/STM32Cube_FW_F1_V1.8.4/Drivers/STM32F1xx_HAL_Driver/Src/stm32f1xx_hal_tim.c 0x00000000   Number         0  stm32f1xx_hal_tim.o ABSOLUTE
    C:/Users/w0x7ce/STM32Cube/Repository/STM32Cube_FW_F1_V1.8.4/Drivers/STM32F1xx_HAL_Driver/Src/stm32f1xx_hal_tim_ex.c 0x00000000   Number         0  stm32f1xx_hal_tim_ex.o ABSOLUTE
    C:/Users/w0x7ce/STM32Cube/Repository/STM32Cube_FW_F1_V1.8.4/Drivers/STM32F1xx_HAL_Driver/Src/stm32f1xx_hal_uart.c 0x00000000   Number         0  stm32f1xx_hal_uart.o ABSOLUTE
    C:\Users\w0x7ce\STM32Cube\Repository\STM32Cube_FW_F1_V1.8.4\Drivers\STM32F1xx_HAL_Driver\Src\stm32f1xx_hal.c 0x00000000   Number         0  stm32f1xx_hal.o ABSOLUTE
    C:\Users\w0x7ce\STM32Cube\Repository\STM32Cube_FW_F1_V1.8.4\Drivers\STM32F1xx_HAL_Driver\Src\stm32f1xx_hal_cortex.c 0x00000000   Number         0  stm32f1xx_hal_cortex.o ABSOLUTE
    C:\Users\w0x7ce\STM32Cube\Repository\STM32Cube_FW_F1_V1.8.4\Drivers\STM32F1xx_HAL_Driver\Src\stm32f1xx_hal_crc.c 0x00000000   Number         0  stm32f1xx_hal_crc.o ABSOLUTE
    C:\Users\w0x7ce\STM32Cube\Repository\STM32Cube_FW_F1_V1.8.4\Drivers\STM32F1xx_HAL_Driver\Src\stm32f1xx_hal_dma.c 0x00000000   Number         0  stm32f1xx_hal_dma.o ABSOLUTE
    C:\Users\w0x7ce\STM32Cube\Repository\STM32Cube_FW_F1_V1.8.4\Drivers\STM32F1xx_HAL_Driver\Src\stm32f1xx_hal_exti.c 0x00000000   Number         0  stm32f1xx_hal_exti.o ABSOLUTE
    C:\Users\w0x7ce\STM32Cube\Repository\STM32Cube_FW_F1_V1.8.4\Drivers\STM32F1xx_HAL_Driver\Src\stm32f1xx_hal_flash.c 0x00000000   Number         0  stm32f1xx_hal_flash.o ABSOLUTE
    C:\Users\w0x7ce\STM32Cube\Repository\STM32Cube_FW_F1_V1.8.4\Drivers\STM32F1xx_HAL_Driver\Src\stm32f1xx_hal_flash_ex.c 0x00000000   Number         0  stm32f1xx_hal_flash_ex.o ABSOLUTE
    C:\Users\w0x7ce\STM32Cube\Repository\STM32Cube_FW_F1_V1.8.4\Drivers\STM32F1xx_HAL_Driver\Src\stm32f1xx_hal_gpio.c 0x00000000   Number         0  stm32f1xx_hal_gpio.o ABSOLUTE
    C:\Users\w0x7ce\STM32Cube\Repository\STM32Cube_FW_F1_V1.8.4\Drivers\STM32F1xx_HAL_Driver\Src\stm32f1xx_hal_gpio_ex.c 0x00000000   Number         0  stm32f1xx_hal_gpio_ex.o ABSOLUTE
    C:\Users\w0x7ce\STM32Cube\Repository\STM32Cube_FW_F1_V1.8.4\Drivers\STM32F1xx_HAL_Driver\Src\stm32f1xx_hal_pwr.c 0x00000000   Number         0  stm32f1xx_hal_pwr.o ABSOLUTE
    C:\Users\w0x7ce\STM32Cube\Repository\STM32Cube_FW_F1_V1.8.4\Drivers\STM32F1xx_HAL_Driver\Src\stm32f1xx_hal_rcc.c 0x00000000   Number         0  stm32f1xx_hal_rcc.o ABSOLUTE
    C:\Users\w0x7ce\STM32Cube\Repository\STM32Cube_FW_F1_V1.8.4\Drivers\STM32F1xx_HAL_Driver\Src\stm32f1xx_hal_rcc_ex.c 0x00000000   Number         0  stm32f1xx_hal_rcc_ex.o ABSOLUTE
    C:\Users\w0x7ce\STM32Cube\Repository\STM32Cube_FW_F1_V1.8.4\Drivers\STM32F1xx_HAL_Driver\Src\stm32f1xx_hal_tim.c 0x00000000   Number         0  stm32f1xx_hal_tim.o ABSOLUTE
    C:\Users\w0x7ce\STM32Cube\Repository\STM32Cube_FW_F1_V1.8.4\Drivers\STM32F1xx_HAL_Driver\Src\stm32f1xx_hal_tim_ex.c 0x00000000   Number         0  stm32f1xx_hal_tim_ex.o ABSOLUTE
    C:\Users\w0x7ce\STM32Cube\Repository\STM32Cube_FW_F1_V1.8.4\Drivers\STM32F1xx_HAL_Driver\Src\stm32f1xx_hal_uart.c 0x00000000   Number         0  stm32f1xx_hal_uart.o ABSOLUTE
    FreeRTOS\Source\croutine.c               0x00000000   Number         0  croutine.o ABSOLUTE
    FreeRTOS\Source\event_groups.c           0x00000000   Number         0  event_groups.o ABSOLUTE
    FreeRTOS\Source\list.c                   0x00000000   Number         0  list.o ABSOLUTE
    FreeRTOS\Source\portable\MemMang\heap_1.c 0x00000000   Number         0  heap_1.o ABSOLUTE
    FreeRTOS\Source\portable\RVDS\ARM_CM0\port.c 0x00000000   Number         0  port.o ABSOLUTE
    FreeRTOS\Source\queue.c                  0x00000000   Number         0  queue.o ABSOLUTE
    FreeRTOS\Source\stream_buffer.c          0x00000000   Number         0  stream_buffer.o ABSOLUTE
    FreeRTOS\Source\tasks.c                  0x00000000   Number         0  tasks.o ABSOLUTE
    FreeRTOS\Source\timers.c                 0x00000000   Number         0  timers.o ABSOLUTE
    FreeRTOS\\Source\\portable\\RVDS\\ARM_CM0\\port.c 0x00000000   Number         0  port.o ABSOLUTE
    dc.s                                     0x00000000   Number         0  dc.o ABSOLUTE
    startup_stm32f103xb.s                    0x00000000   Number         0  startup_stm32f103xb.o ABSOLUTE
    RESET                                    0x08000000   Section      236  startup_stm32f103xb.o(RESET)
    !!!main                                  0x080000ec   Section        8  __main.o(!!!main)
    !!!scatter                               0x080000f4   Section       52  __scatter.o(!!!scatter)
    !!handler_copy                           0x08000128   Section       26  __scatter_copy.o(!!handler_copy)
    !!handler_zi                             0x08000144   Section       28  __scatter_zi.o(!!handler_zi)
    .ARM.Collect$$_printf_percent$$00000000  0x08000160   Section        0  _printf_percent.o(.ARM.Collect$$_printf_percent$$00000000)
    .ARM.Collect$$_printf_percent$$00000013  0x08000160   Section        6  _printf_c.o(.ARM.Collect$$_printf_percent$$00000013)
    .ARM.Collect$$_printf_percent$$00000017  0x08000166   Section        4  _printf_percent_end.o(.ARM.Collect$$_printf_percent$$00000017)
    .ARM.Collect$$libinit$$00000000          0x0800016a   Section        2  libinit.o(.ARM.Collect$$libinit$$00000000)
    .ARM.Collect$$libinit$$00000002          0x0800016c   Section        0  libinit2.o(.ARM.Collect$$libinit$$00000002)
    .ARM.Collect$$libinit$$00000004          0x0800016c   Section        0  libinit2.o(.ARM.Collect$$libinit$$00000004)
    .ARM.Collect$$libinit$$00000005          0x0800016c   Section        8  libinit2.o(.ARM.Collect$$libinit$$00000005)
    .ARM.Collect$$libinit$$0000000A          0x08000174   Section        0  libinit2.o(.ARM.Collect$$libinit$$0000000A)
    .ARM.Collect$$libinit$$0000000C          0x08000174   Section        0  libinit2.o(.ARM.Collect$$libinit$$0000000C)
    .ARM.Collect$$libinit$$0000000E          0x08000174   Section        0  libinit2.o(.ARM.Collect$$libinit$$0000000E)
    .ARM.Collect$$libinit$$00000011          0x08000174   Section        0  libinit2.o(.ARM.Collect$$libinit$$00000011)
    .ARM.Collect$$libinit$$00000013          0x08000174   Section        0  libinit2.o(.ARM.Collect$$libinit$$00000013)
    .ARM.Collect$$libinit$$00000015          0x08000174   Section        0  libinit2.o(.ARM.Collect$$libinit$$00000015)
    .ARM.Collect$$libinit$$00000017          0x08000174   Section        0  libinit2.o(.ARM.Collect$$libinit$$00000017)
    .ARM.Collect$$libinit$$00000019          0x08000174   Section        0  libinit2.o(.ARM.Collect$$libinit$$00000019)
    .ARM.Collect$$libinit$$0000001B          0x08000174   Section        0  libinit2.o(.ARM.Collect$$libinit$$0000001B)
    .ARM.Collect$$libinit$$0000001D          0x08000174   Section        0  libinit2.o(.ARM.Collect$$libinit$$0000001D)
    .ARM.Collect$$libinit$$0000001F          0x08000174   Section        0  libinit2.o(.ARM.Collect$$libinit$$0000001F)
    .ARM.Collect$$libinit$$00000021          0x08000174   Section        0  libinit2.o(.ARM.Collect$$libinit$$00000021)
    .ARM.Collect$$libinit$$00000023          0x08000174   Section        0  libinit2.o(.ARM.Collect$$libinit$$00000023)
    .ARM.Collect$$libinit$$00000024          0x08000174   Section        4  libinit2.o(.ARM.Collect$$libinit$$00000024)
    .ARM.Collect$$libinit$$00000025          0x08000178   Section        0  libinit2.o(.ARM.Collect$$libinit$$00000025)
    .ARM.Collect$$libinit$$0000002C          0x08000178   Section        0  libinit2.o(.ARM.Collect$$libinit$$0000002C)
    .ARM.Collect$$libinit$$0000002E          0x08000178   Section        0  libinit2.o(.ARM.Collect$$libinit$$0000002E)
    .ARM.Collect$$libinit$$00000030          0x08000178   Section        0  libinit2.o(.ARM.Collect$$libinit$$00000030)
    .ARM.Collect$$libinit$$00000032          0x08000178   Section        0  libinit2.o(.ARM.Collect$$libinit$$00000032)
    .ARM.Collect$$libinit$$00000033          0x08000178   Section        2  libinit2.o(.ARM.Collect$$libinit$$00000033)
    .ARM.Collect$$libshutdown$$00000000      0x0800017a   Section        2  libshutdown.o(.ARM.Collect$$libshutdown$$00000000)
    .ARM.Collect$$libshutdown$$00000002      0x0800017c   Section        0  libshutdown2.o(.ARM.Collect$$libshutdown$$00000002)
    .ARM.Collect$$libshutdown$$00000004      0x0800017c   Section        0  libshutdown2.o(.ARM.Collect$$libshutdown$$00000004)
    .ARM.Collect$$libshutdown$$00000005      0x0800017c   Section        4  libshutdown2.o(.ARM.Collect$$libshutdown$$00000005)
    .ARM.Collect$$libshutdown$$00000006      0x08000180   Section        0  libshutdown2.o(.ARM.Collect$$libshutdown$$00000006)
    .ARM.Collect$$libshutdown$$00000009      0x08000180   Section        0  libshutdown2.o(.ARM.Collect$$libshutdown$$00000009)
    .ARM.Collect$$libshutdown$$0000000C      0x08000180   Section        0  libshutdown2.o(.ARM.Collect$$libshutdown$$0000000C)
    .ARM.Collect$$libshutdown$$0000000E      0x08000180   Section        0  libshutdown2.o(.ARM.Collect$$libshutdown$$0000000E)
    .ARM.Collect$$libshutdown$$00000011      0x08000180   Section        0  libshutdown2.o(.ARM.Collect$$libshutdown$$00000011)
    .ARM.Collect$$libshutdown$$00000012      0x08000180   Section        2  libshutdown2.o(.ARM.Collect$$libshutdown$$00000012)
    .ARM.Collect$$rtentry$$00000000          0x08000182   Section        0  __rtentry.o(.ARM.Collect$$rtentry$$00000000)
    .ARM.Collect$$rtentry$$00000002          0x08000182   Section        0  __rtentry2.o(.ARM.Collect$$rtentry$$00000002)
    .ARM.Collect$$rtentry$$00000004          0x08000182   Section        6  __rtentry4.o(.ARM.Collect$$rtentry$$00000004)
    .ARM.Collect$$rtentry$$00000009          0x08000188   Section        0  __rtentry2.o(.ARM.Collect$$rtentry$$00000009)
    .ARM.Collect$$rtentry$$0000000A          0x08000188   Section        4  __rtentry2.o(.ARM.Collect$$rtentry$$0000000A)
    .ARM.Collect$$rtentry$$0000000C          0x0800018c   Section        0  __rtentry2.o(.ARM.Collect$$rtentry$$0000000C)
    .ARM.Collect$$rtentry$$0000000D          0x0800018c   Section        8  __rtentry2.o(.ARM.Collect$$rtentry$$0000000D)
    .ARM.Collect$$rtexit$$00000000           0x08000194   Section        2  rtexit.o(.ARM.Collect$$rtexit$$00000000)
    .ARM.Collect$$rtexit$$00000002           0x08000196   Section        0  rtexit2.o(.ARM.Collect$$rtexit$$00000002)
    .ARM.Collect$$rtexit$$00000003           0x08000196   Section        4  rtexit2.o(.ARM.Collect$$rtexit$$00000003)
    .ARM.Collect$$rtexit$$00000004           0x0800019a   Section        6  rtexit2.o(.ARM.Collect$$rtexit$$00000004)
    .emb_text                                0x080001a0   Section      120  port.o(.emb_text)
    .emb_text                                0x08000218   Section        0  maybetermalloc1.o(.emb_text)
    .text                                    0x08000218   Section       64  startup_stm32f103xb.o(.text)
    .text                                    0x08000258   Section        0  noretval__2printf.o(.text)
    .text                                    0x08000270   Section        0  __printf.o(.text)
    .text                                    0x080002d8   Section        0  _printf_str.o(.text)
    .text                                    0x0800032a   Section       78  rt_memclr_w.o(.text)
    .text                                    0x08000378   Section        0  heapauxi.o(.text)
    .text                                    0x0800037e   Section        0  _printf_char.o(.text)
    .text                                    0x080003ac   Section        0  _printf_char_file.o(.text)
    .text                                    0x080003d0   Section        0  _printf_char_common.o(.text)
    _printf_input_char                       0x080003d1   Thumb Code    10  _printf_char_common.o(.text)
    .text                                    0x08000400   Section        0  ferror.o(.text)
    .text                                    0x08000408   Section        0  initio.o(.text)
    .text                                    0x08000540   Section        0  sys_io.o(.text)
    .text                                    0x080005a6   Section       74  sys_stackheap_outer.o(.text)
    .text                                    0x080005f0   Section        0  h1_free.o(.text)
    .text                                    0x0800063e   Section        0  setvbuf.o(.text)
    .text                                    0x08000684   Section        0  fopen.o(.text)
    _freopen_locked                          0x08000685   Thumb Code     0  fopen.o(.text)
    .text                                    0x08000770   Section        0  fclose.o(.text)
    .text                                    0x080007bc   Section        0  exit.o(.text)
    .text                                    0x080007ce   Section        0  defsig_rtred_outer.o(.text)
    .text                                    0x080007dc   Section        8  libspace.o(.text)
    .text                                    0x080007e4   Section        2  use_no_semi.o(.text)
    .text                                    0x080007e6   Section        0  indicate_semi.o(.text)
    .text                                    0x080007e8   Section        8  rt_heap_descriptor_intlibspace.o(.text)
    .text                                    0x080007f0   Section        0  hguard.o(.text)
    .text                                    0x080007f4   Section        0  init_alloc.o(.text)
    .text                                    0x0800087e   Section        0  h1_alloc.o(.text)
    .text                                    0x080008dc   Section        0  fseek.o(.text)
    .text                                    0x080009d4   Section        0  stdio.o(.text)
    .text                                    0x08000ac4   Section        0  defsig_exit.o(.text)
    .text                                    0x08000ad0   Section        0  defsig_rtred_inner.o(.text)
    .text                                    0x08000b04   Section        0  strlen.o(.text)
    .text                                    0x08000b44   Section        0  sys_exit.o(.text)
    .text                                    0x08000b50   Section        0  h1_init.o(.text)
    .text                                    0x08000b5e   Section        0  h1_extend.o(.text)
    .text                                    0x08000b92   Section        0  ftell.o(.text)
    .text                                    0x08000bd4   Section        0  defsig_general.o(.text)
    .text                                    0x08000c06   Section        0  defsig_rtmem_outer.o(.text)
    .text                                    0x08000c14   Section        0  sys_wrch.o(.text)
    .text                                    0x08000c24   Section        8  rt_errno_addr_intlibspace.o(.text)
    .text                                    0x08000c2c   Section        0  defsig_rtmem_inner.o(.text)
    i.BusFault_Handler                       0x08000c7c   Section        0  stm32f1xx_it.o(i.BusFault_Handler)
    i.DebugMon_Handler                       0x08000c7e   Section        0  stm32f1xx_it.o(i.DebugMon_Handler)
    i.Error_Handler                          0x08000c80   Section        0  main.o(i.Error_Handler)
    i.HAL_CRC_Init                           0x08000c84   Section        0  stm32f1xx_hal_crc.o(i.HAL_CRC_Init)
    i.HAL_CRC_MspInit                        0x08000ca8   Section        0  crc.o(i.HAL_CRC_MspInit)
    i.HAL_Delay                              0x08000cd0   Section        0  stm32f1xx_hal.o(i.HAL_Delay)
    i.HAL_GPIO_Init                          0x08000cf4   Section        0  stm32f1xx_hal_gpio.o(i.HAL_GPIO_Init)
    i.HAL_GPIO_TogglePin                     0x08000ed4   Section        0  stm32f1xx_hal_gpio.o(i.HAL_GPIO_TogglePin)
    i.HAL_GPIO_WritePin                      0x08000ee4   Section        0  stm32f1xx_hal_gpio.o(i.HAL_GPIO_WritePin)
    i.HAL_GetTick                            0x08000ef0   Section        0  stm32f1xx_hal.o(i.HAL_GetTick)
    i.HAL_IncTick                            0x08000efc   Section        0  stm32f1xx_hal.o(i.HAL_IncTick)
    i.HAL_Init                               0x08000f0c   Section        0  stm32f1xx_hal.o(i.HAL_Init)
    i.HAL_InitTick                           0x08000f30   Section        0  stm32f1xx_hal.o(i.HAL_InitTick)
    i.HAL_MspInit                            0x08000f70   Section        0  stm32f1xx_hal_msp.o(i.HAL_MspInit)
    i.HAL_NVIC_SetPriority                   0x08000fac   Section        0  stm32f1xx_hal_cortex.o(i.HAL_NVIC_SetPriority)
    i.HAL_NVIC_SetPriorityGrouping           0x08000fec   Section        0  stm32f1xx_hal_cortex.o(i.HAL_NVIC_SetPriorityGrouping)
    i.HAL_RCC_ClockConfig                    0x08001010   Section        0  stm32f1xx_hal_rcc.o(i.HAL_RCC_ClockConfig)
    i.HAL_RCC_GetPCLK1Freq                   0x0800113c   Section        0  stm32f1xx_hal_rcc.o(i.HAL_RCC_GetPCLK1Freq)
    i.HAL_RCC_GetPCLK2Freq                   0x0800115c   Section        0  stm32f1xx_hal_rcc.o(i.HAL_RCC_GetPCLK2Freq)
    i.HAL_RCC_GetSysClockFreq                0x0800117c   Section        0  stm32f1xx_hal_rcc.o(i.HAL_RCC_GetSysClockFreq)
    i.HAL_RCC_OscConfig                      0x080011e8   Section        0  stm32f1xx_hal_rcc.o(i.HAL_RCC_OscConfig)
    i.HAL_SYSTICK_Config                     0x08001508   Section        0  stm32f1xx_hal_cortex.o(i.HAL_SYSTICK_Config)
    i.HAL_UART_Init                          0x08001530   Section        0  stm32f1xx_hal_uart.o(i.HAL_UART_Init)
    i.HAL_UART_MspInit                       0x08001594   Section        0  usart.o(i.HAL_UART_MspInit)
    i.HAL_UART_Transmit                      0x08001604   Section        0  stm32f1xx_hal_uart.o(i.HAL_UART_Transmit)
    i.HardFault_Handler                      0x080016b6   Section        0  stm32f1xx_it.o(i.HardFault_Handler)
    i.MX_CRC_Init                            0x080016b8   Section        0  crc.o(i.MX_CRC_Init)
    i.MX_GPIO_Init                           0x080016dc   Section        0  gpio.o(i.MX_GPIO_Init)
    i.MX_USART1_UART_Init                    0x0800174c   Section        0  usart.o(i.MX_USART1_UART_Init)
    i.MemManage_Handler                      0x08001784   Section        0  stm32f1xx_it.o(i.MemManage_Handler)
    i.NMI_Handler                            0x08001786   Section        0  stm32f1xx_it.o(i.NMI_Handler)
    i.PendSV_Handler                         0x08001788   Section        0  stm32f1xx_it.o(i.PendSV_Handler)
    i.SVC_Handler                            0x0800178a   Section        0  stm32f1xx_it.o(i.SVC_Handler)
    i.SysTick_Handler                        0x0800178c   Section        0  stm32f1xx_it.o(i.SysTick_Handler)
    i.SystemClock_Config                     0x08001790   Section        0  main.o(i.SystemClock_Config)
    i.SystemInit                             0x080017ee   Section        0  system_stm32f1xx.o(i.SystemInit)
    i.UART_SetConfig                         0x080017f0   Section        0  stm32f1xx_hal_uart.o(i.UART_SetConfig)
    UART_SetConfig                           0x080017f1   Thumb Code   178  stm32f1xx_hal_uart.o(i.UART_SetConfig)
    i.UART_WaitOnFlagUntilTimeout            0x080018a8   Section        0  stm32f1xx_hal_uart.o(i.UART_WaitOnFlagUntilTimeout)
    UART_WaitOnFlagUntilTimeout              0x080018a9   Thumb Code   100  stm32f1xx_hal_uart.o(i.UART_WaitOnFlagUntilTimeout)
    i.UsageFault_Handler                     0x0800190c   Section        0  stm32f1xx_it.o(i.UsageFault_Handler)
    i.__NVIC_SetPriority                     0x0800190e   Section        0  stm32f1xx_hal_cortex.o(i.__NVIC_SetPriority)
    __NVIC_SetPriority                       0x0800190f   Thumb Code    32  stm32f1xx_hal_cortex.o(i.__NVIC_SetPriority)
    i.fputc                                  0x08001930   Section        0  main.o(i.fputc)
    i.main                                   0x08001948   Section        0  main.o(i.main)
    i.prvAddNewTaskToReadyList               0x08001988   Section        0  tasks.o(i.prvAddNewTaskToReadyList)
    prvAddNewTaskToReadyList                 0x08001989   Thumb Code   216  tasks.o(i.prvAddNewTaskToReadyList)
    i.prvDeleteTCB                           0x08001a68   Section        0  tasks.o(i.prvDeleteTCB)
    prvDeleteTCB                             0x08001a69   Thumb Code    20  tasks.o(i.prvDeleteTCB)
    i.prvIdleTask                            0x08001a7c   Section        0  tasks.o(i.prvIdleTask)
    prvIdleTask                              0x08001a7d   Thumb Code    66  tasks.o(i.prvIdleTask)
    i.prvInitialiseNewTask                   0x08001ac8   Section        0  tasks.o(i.prvInitialiseNewTask)
    prvInitialiseNewTask                     0x08001ac9   Thumb Code   124  tasks.o(i.prvInitialiseNewTask)
    i.prvResetNextTaskUnblockTime            0x08001b44   Section        0  tasks.o(i.prvResetNextTaskUnblockTime)
    prvResetNextTaskUnblockTime              0x08001b45   Thumb Code    24  tasks.o(i.prvResetNextTaskUnblockTime)
    i.prvTaskExitError                       0x08001b60   Section        0  port.o(i.prvTaskExitError)
    prvTaskExitError                         0x08001b61   Thumb Code     4  port.o(i.prvTaskExitError)
    i.pvPortMalloc                           0x08001b64   Section        0  heap_1.o(i.pvPortMalloc)
    i.pxPortInitialiseStack                  0x08001bbc   Section        0  port.o(i.pxPortInitialiseStack)
    i.task                                   0x08001bdc   Section        0  main.o(i.task)
    i.uxListRemove                           0x08001c14   Section        0  list.o(i.uxListRemove)
    i.vListInitialise                        0x08001c3a   Section        0  list.o(i.vListInitialise)
    i.vListInitialiseItem                    0x08001c50   Section        0  list.o(i.vListInitialiseItem)
    i.vPortEnterCritical                     0x08001c58   Section        0  port.o(i.vPortEnterCritical)
    i.vPortExitCritical                      0x08001c70   Section        0  port.o(i.vPortExitCritical)
    i.vPortFree                              0x08001c84   Section        0  heap_1.o(i.vPortFree)
    i.vPortSetupTimerInterrupt               0x08001c88   Section        0  port.o(i.vPortSetupTimerInterrupt)
    i.vPortYield                             0x08001ca0   Section        0  port.o(i.vPortYield)
    i.vTaskStartScheduler                    0x08001cb8   Section        0  tasks.o(i.vTaskStartScheduler)
    i.vTaskSuspendAll                        0x08001cfc   Section        0  tasks.o(i.vTaskSuspendAll)
    i.vTaskSwitchContext                     0x08001d0c   Section        0  tasks.o(i.vTaskSwitchContext)
    i.xPortStartScheduler                    0x08001d5c   Section        0  port.o(i.xPortStartScheduler)
    i.xTaskCreate                            0x08001d8c   Section        0  tasks.o(i.xTaskCreate)
    i.xTaskIncrementTick                     0x08001de4   Section        0  tasks.o(i.xTaskIncrementTick)
    i.xTaskResumeAll                         0x08001f00   Section        0  tasks.o(i.xTaskResumeAll)
    .constdata                               0x08002004   Section       16  system_stm32f1xx.o(.constdata)
    .constdata                               0x08002014   Section        8  system_stm32f1xx.o(.constdata)
    .constdata                               0x0800201c   Section        4  sys_io.o(.constdata)
    .constdata                               0x08002020   Section        4  sys_io.o(.constdata)
    .constdata                               0x08002024   Section        4  sys_io.o(.constdata)
    .data                                    0x20000000   Section        4  main.o(.data)
    TaskHandle                               0x20000000   Data           4  main.o(.data)
    .data                                    0x20000004   Section        8  crc.o(.data)
    .data                                    0x2000000c   Section       12  stm32f1xx_hal.o(.data)
    .data                                    0x20000018   Section        4  system_stm32f1xx.o(.data)
    .data                                    0x2000001c   Section       64  tasks.o(.data)
    uxDeletedTasksWaitingCleanUp             0x20000020   Data           4  tasks.o(.data)
    uxCurrentNumberOfTasks                   0x20000024   Data           4  tasks.o(.data)
    xTickCount                               0x20000028   Data           4  tasks.o(.data)
    uxTopReadyPriority                       0x2000002c   Data           4  tasks.o(.data)
    xSchedulerRunning                        0x20000030   Data           4  tasks.o(.data)
    xPendedTicks                             0x20000034   Data           4  tasks.o(.data)
    xYieldPending                            0x20000038   Data           4  tasks.o(.data)
    xNumOfOverflows                          0x2000003c   Data           4  tasks.o(.data)
    uxTaskNumber                             0x20000040   Data           4  tasks.o(.data)
    xNextTaskUnblockTime                     0x20000044   Data           4  tasks.o(.data)
    xIdleTaskHandle                          0x20000048   Data           4  tasks.o(.data)
    uxSchedulerSuspended                     0x20000050   Data           4  tasks.o(.data)
    pxDelayedTaskList                        0x20000054   Data           4  tasks.o(.data)
    pxOverflowDelayedTaskList                0x20000058   Data           4  tasks.o(.data)
    .data                                    0x2000005c   Section        4  port.o(.data)
    uxCriticalNesting                        0x2000005c   Data           4  port.o(.data)
    .data                                    0x20000060   Section        8  heap_1.o(.data)
    xNextFreeByte                            0x20000060   Data           4  heap_1.o(.data)
    pucAlignedHeap                           0x20000064   Data           4  heap_1.o(.data)
    .data                                    0x20000068   Section        4  stdio_streams.o(.data)
    .data                                    0x2000006c   Section        4  stdio_streams.o(.data)
    .data                                    0x20000070   Section        4  stdio_streams.o(.data)
    .bss                                     0x20000074   Section       68  usart.o(.bss)
    .bss                                     0x200000b8   Section      200  tasks.o(.bss)
    pxReadyTasksLists                        0x200000b8   Data         100  tasks.o(.bss)
    xDelayedTaskList1                        0x2000011c   Data          20  tasks.o(.bss)
    xDelayedTaskList2                        0x20000130   Data          20  tasks.o(.bss)
    xPendingReadyList                        0x20000144   Data          20  tasks.o(.bss)
    xTasksWaitingTermination                 0x20000158   Data          20  tasks.o(.bss)
    xSuspendedTaskList                       0x2000016c   Data          20  tasks.o(.bss)
    .bss                                     0x20000180   Section    17408  heap_1.o(.bss)
    ucHeap                                   0x20000180   Data       17408  heap_1.o(.bss)
    .bss                                     0x20004580   Section       84  stdio_streams.o(.bss)
    .bss                                     0x200045d4   Section       84  stdio_streams.o(.bss)
    .bss                                     0x20004628   Section       84  stdio_streams.o(.bss)
    .bss                                     0x2000467c   Section       96  libspace.o(.bss)
    HEAP                                     0x200046e0   Section      512  startup_stm32f103xb.o(HEAP)
    Heap_Mem                                 0x200046e0   Data         512  startup_stm32f103xb.o(HEAP)
    STACK                                    0x200048e0   Section     1024  startup_stm32f103xb.o(STACK)
    Stack_Mem                                0x200048e0   Data        1024  startup_stm32f103xb.o(STACK)
    __initial_sp                             0x20004ce0   Data           0  startup_stm32f103xb.o(STACK)

    Global Symbols

    Symbol Name                              Value     Ov Type        Size  Object(Section)

    BuildAttributes$$THM_ISAv4$P$D$K$B$S$PE$A:L22UL41UL21$X:L11$S22US41US21$IEEE1$IW$USESV6$~STKCKD$USESV7$~SHL$OTIME$ROPI$EBA8$UX$STANDARDLIB$REQ8$PRES8$EABIv2 0x00000000   Number         0  anon$$obj.o ABSOLUTE
    __ARM_use_no_argv                        0x00000000   Number         0  main.o ABSOLUTE
    __ARM_exceptions_init                     - Undefined Weak Reference
    __alloca_initialize                       - Undefined Weak Reference
    __arm_fini_                               - Undefined Weak Reference
    __arm_preinit_                            - Undefined Weak Reference
    __cpp_initialize__aeabi_                  - Undefined Weak Reference
    __cxa_finalize                            - Undefined Weak Reference
    __rt_locale                               - Undefined Weak Reference
    __sigvec_lookup                           - Undefined Weak Reference
    __user_heap_extent                        - Undefined Weak Reference
    _atexit_init                              - Undefined Weak Reference
    _call_atexit_fns                          - Undefined Weak Reference
    _clock_init                               - Undefined Weak Reference
    _fp_trap_init                             - Undefined Weak Reference
    _fp_trap_shutdown                         - Undefined Weak Reference
    _get_lc_collate                           - Undefined Weak Reference
    _get_lc_ctype                             - Undefined Weak Reference
    _get_lc_monetary                          - Undefined Weak Reference
    _get_lc_numeric                           - Undefined Weak Reference
    _get_lc_time                              - Undefined Weak Reference
    _getenv_init                              - Undefined Weak Reference
    _handle_redirection                       - Undefined Weak Reference
    _mutex_acquire                            - Undefined Weak Reference
    _mutex_free                               - Undefined Weak Reference
    _mutex_release                            - Undefined Weak Reference
    _printf_mbtowc                            - Undefined Weak Reference
    _printf_post_padding                      - Undefined Weak Reference
    _printf_pre_padding                       - Undefined Weak Reference
    _rand_init                                - Undefined Weak Reference
    _signal_finish                            - Undefined Weak Reference
    _signal_init                              - Undefined Weak Reference
    __Vectors_Size                           0x000000ec   Number         0  startup_stm32f103xb.o ABSOLUTE
    __Vectors                                0x08000000   Data           4  startup_stm32f103xb.o(RESET)
    __Vectors_End                            0x080000ec   Data           0  startup_stm32f103xb.o(RESET)
    __main                                   0x080000ed   Thumb Code     8  __main.o(!!!main)
    __scatterload                            0x080000f5   Thumb Code     0  __scatter.o(!!!scatter)
    __scatterload_rt2                        0x080000f5   Thumb Code    44  __scatter.o(!!!scatter)
    __scatterload_rt2_thumb_only             0x080000f5   Thumb Code     0  __scatter.o(!!!scatter)
    __scatterload_null                       0x08000103   Thumb Code     0  __scatter.o(!!!scatter)
    __scatterload_copy                       0x08000129   Thumb Code    26  __scatter_copy.o(!!handler_copy)
    __scatterload_zeroinit                   0x08000145   Thumb Code    28  __scatter_zi.o(!!handler_zi)
    _printf_c                                0x08000161   Thumb Code     0  _printf_c.o(.ARM.Collect$$_printf_percent$$00000013)
    _printf_percent                          0x08000161   Thumb Code     0  _printf_percent.o(.ARM.Collect$$_printf_percent$$00000000)
    _printf_percent_end                      0x08000167   Thumb Code     0  _printf_percent_end.o(.ARM.Collect$$_printf_percent$$00000017)
    __rt_lib_init                            0x0800016b   Thumb Code     0  libinit.o(.ARM.Collect$$libinit$$00000000)
    __rt_lib_init_fp_1                       0x0800016d   Thumb Code     0  libinit2.o(.ARM.Collect$$libinit$$00000002)
    __rt_lib_init_heap_2                     0x0800016d   Thumb Code     0  libinit2.o(.ARM.Collect$$libinit$$00000005)
    __rt_lib_init_preinit_1                  0x0800016d   Thumb Code     0  libinit2.o(.ARM.Collect$$libinit$$00000004)
    __rt_lib_init_atexit_1                   0x08000175   Thumb Code     0  libinit2.o(.ARM.Collect$$libinit$$0000001B)
    __rt_lib_init_clock_1                    0x08000175   Thumb Code     0  libinit2.o(.ARM.Collect$$libinit$$00000021)
    __rt_lib_init_fp_trap_1                  0x08000175   Thumb Code     0  libinit2.o(.ARM.Collect$$libinit$$0000001F)
    __rt_lib_init_getenv_1                   0x08000175   Thumb Code     0  libinit2.o(.ARM.Collect$$libinit$$00000023)
    __rt_lib_init_heap_1                     0x08000175   Thumb Code     0  libinit2.o(.ARM.Collect$$libinit$$0000000A)
    __rt_lib_init_lc_collate_1               0x08000175   Thumb Code     0  libinit2.o(.ARM.Collect$$libinit$$00000011)
    __rt_lib_init_lc_ctype_1                 0x08000175   Thumb Code     0  libinit2.o(.ARM.Collect$$libinit$$00000013)
    __rt_lib_init_lc_monetary_1              0x08000175   Thumb Code     0  libinit2.o(.ARM.Collect$$libinit$$00000015)
    __rt_lib_init_lc_numeric_1               0x08000175   Thumb Code     0  libinit2.o(.ARM.Collect$$libinit$$00000017)
    __rt_lib_init_lc_time_1                  0x08000175   Thumb Code     0  libinit2.o(.ARM.Collect$$libinit$$00000019)
    __rt_lib_init_rand_1                     0x08000175   Thumb Code     0  libinit2.o(.ARM.Collect$$libinit$$0000000E)
    __rt_lib_init_signal_1                   0x08000175   Thumb Code     0  libinit2.o(.ARM.Collect$$libinit$$0000001D)
    __rt_lib_init_stdio_2                    0x08000175   Thumb Code     0  libinit2.o(.ARM.Collect$$libinit$$00000024)
    __rt_lib_init_user_alloc_1               0x08000175   Thumb Code     0  libinit2.o(.ARM.Collect$$libinit$$0000000C)
    __rt_lib_init_alloca_1                   0x08000179   Thumb Code     0  libinit2.o(.ARM.Collect$$libinit$$0000002E)
    __rt_lib_init_argv_1                     0x08000179   Thumb Code     0  libinit2.o(.ARM.Collect$$libinit$$0000002C)
    __rt_lib_init_cpp_1                      0x08000179   Thumb Code     0  libinit2.o(.ARM.Collect$$libinit$$00000032)
    __rt_lib_init_exceptions_1               0x08000179   Thumb Code     0  libinit2.o(.ARM.Collect$$libinit$$00000030)
    __rt_lib_init_return                     0x08000179   Thumb Code     0  libinit2.o(.ARM.Collect$$libinit$$00000033)
    __rt_lib_init_stdio_1                    0x08000179   Thumb Code     0  libinit2.o(.ARM.Collect$$libinit$$00000025)
    __rt_lib_shutdown                        0x0800017b   Thumb Code     0  libshutdown.o(.ARM.Collect$$libshutdown$$00000000)
    __rt_lib_shutdown_cpp_1                  0x0800017d   Thumb Code     0  libshutdown2.o(.ARM.Collect$$libshutdown$$00000004)
    __rt_lib_shutdown_fini_1                 0x0800017d   Thumb Code     0  libshutdown2.o(.ARM.Collect$$libshutdown$$00000002)
    __rt_lib_shutdown_stdio_2                0x0800017d   Thumb Code     0  libshutdown2.o(.ARM.Collect$$libshutdown$$00000005)
    __rt_lib_shutdown_fp_trap_1              0x08000181   Thumb Code     0  libshutdown2.o(.ARM.Collect$$libshutdown$$00000009)
    __rt_lib_shutdown_heap_1                 0x08000181   Thumb Code     0  libshutdown2.o(.ARM.Collect$$libshutdown$$00000011)
    __rt_lib_shutdown_return                 0x08000181   Thumb Code     0  libshutdown2.o(.ARM.Collect$$libshutdown$$00000012)
    __rt_lib_shutdown_signal_1               0x08000181   Thumb Code     0  libshutdown2.o(.ARM.Collect$$libshutdown$$0000000C)
    __rt_lib_shutdown_stdio_1                0x08000181   Thumb Code     0  libshutdown2.o(.ARM.Collect$$libshutdown$$00000006)
    __rt_lib_shutdown_user_alloc_1           0x08000181   Thumb Code     0  libshutdown2.o(.ARM.Collect$$libshutdown$$0000000E)
    __rt_entry                               0x08000183   Thumb Code     0  __rtentry.o(.ARM.Collect$$rtentry$$00000000)
    __rt_entry_presh_1                       0x08000183   Thumb Code     0  __rtentry2.o(.ARM.Collect$$rtentry$$00000002)
    __rt_entry_sh                            0x08000183   Thumb Code     0  __rtentry4.o(.ARM.Collect$$rtentry$$00000004)
    __rt_entry_li                            0x08000189   Thumb Code     0  __rtentry2.o(.ARM.Collect$$rtentry$$0000000A)
    __rt_entry_postsh_1                      0x08000189   Thumb Code     0  __rtentry2.o(.ARM.Collect$$rtentry$$00000009)
    __rt_entry_main                          0x0800018d   Thumb Code     0  __rtentry2.o(.ARM.Collect$$rtentry$$0000000D)
    __rt_entry_postli_1                      0x0800018d   Thumb Code     0  __rtentry2.o(.ARM.Collect$$rtentry$$0000000C)
    __rt_exit                                0x08000195   Thumb Code     0  rtexit.o(.ARM.Collect$$rtexit$$00000000)
    __rt_exit_ls                             0x08000197   Thumb Code     0  rtexit2.o(.ARM.Collect$$rtexit$$00000003)
    __rt_exit_prels_1                        0x08000197   Thumb Code     0  rtexit2.o(.ARM.Collect$$rtexit$$00000002)
    __rt_exit_exit                           0x0800019b   Thumb Code     0  rtexit2.o(.ARM.Collect$$rtexit$$00000004)
    __asm___6_port_c_39a90d8d__prvPortStartFirstTask 0x080001a1   Thumb Code    36  port.o(.emb_text)
    ulSetInterruptMaskFromISR                0x080001c9   Thumb Code     8  port.o(.emb_text)
    vClearInterruptMaskFromISR               0x080001d1   Thumb Code     6  port.o(.emb_text)
    xPortPendSVHandler                       0x080001d7   Thumb Code    62  port.o(.emb_text)
    Reset_Handler                            0x08000219   Thumb Code     8  startup_stm32f103xb.o(.text)
    _maybe_terminate_alloc                   0x08000219   Thumb Code     0  maybetermalloc1.o(.emb_text)
    ADC1_2_IRQHandler                        0x08000233   Thumb Code     0  startup_stm32f103xb.o(.text)
    CAN1_RX1_IRQHandler                      0x08000233   Thumb Code     0  startup_stm32f103xb.o(.text)
    CAN1_SCE_IRQHandler                      0x08000233   Thumb Code     0  startup_stm32f103xb.o(.text)
    DMA1_Channel1_IRQHandler                 0x08000233   Thumb Code     0  startup_stm32f103xb.o(.text)
    DMA1_Channel2_IRQHandler                 0x08000233   Thumb Code     0  startup_stm32f103xb.o(.text)
    DMA1_Channel3_IRQHandler                 0x08000233   Thumb Code     0  startup_stm32f103xb.o(.text)
    DMA1_Channel4_IRQHandler                 0x08000233   Thumb Code     0  startup_stm32f103xb.o(.text)
    DMA1_Channel5_IRQHandler                 0x08000233   Thumb Code     0  startup_stm32f103xb.o(.text)
    DMA1_Channel6_IRQHandler                 0x08000233   Thumb Code     0  startup_stm32f103xb.o(.text)
    DMA1_Channel7_IRQHandler                 0x08000233   Thumb Code     0  startup_stm32f103xb.o(.text)
    EXTI0_IRQHandler                         0x08000233   Thumb Code     0  startup_stm32f103xb.o(.text)
    EXTI15_10_IRQHandler                     0x08000233   Thumb Code     0  startup_stm32f103xb.o(.text)
    EXTI1_IRQHandler                         0x08000233   Thumb Code     0  startup_stm32f103xb.o(.text)
    EXTI2_IRQHandler                         0x08000233   Thumb Code     0  startup_stm32f103xb.o(.text)
    EXTI3_IRQHandler                         0x08000233   Thumb Code     0  startup_stm32f103xb.o(.text)
    EXTI4_IRQHandler                         0x08000233   Thumb Code     0  startup_stm32f103xb.o(.text)
    EXTI9_5_IRQHandler                       0x08000233   Thumb Code     0  startup_stm32f103xb.o(.text)
    FLASH_IRQHandler                         0x08000233   Thumb Code     0  startup_stm32f103xb.o(.text)
    I2C1_ER_IRQHandler                       0x08000233   Thumb Code     0  startup_stm32f103xb.o(.text)
    I2C1_EV_IRQHandler                       0x08000233   Thumb Code     0  startup_stm32f103xb.o(.text)
    I2C2_ER_IRQHandler                       0x08000233   Thumb Code     0  startup_stm32f103xb.o(.text)
    I2C2_EV_IRQHandler                       0x08000233   Thumb Code     0  startup_stm32f103xb.o(.text)
    PVD_IRQHandler                           0x08000233   Thumb Code     0  startup_stm32f103xb.o(.text)
    RCC_IRQHandler                           0x08000233   Thumb Code     0  startup_stm32f103xb.o(.text)
    RTC_Alarm_IRQHandler                     0x08000233   Thumb Code     0  startup_stm32f103xb.o(.text)
    RTC_IRQHandler                           0x08000233   Thumb Code     0  startup_stm32f103xb.o(.text)
    SPI1_IRQHandler                          0x08000233   Thumb Code     0  startup_stm32f103xb.o(.text)
    SPI2_IRQHandler                          0x08000233   Thumb Code     0  startup_stm32f103xb.o(.text)
    TAMPER_IRQHandler                        0x08000233   Thumb Code     0  startup_stm32f103xb.o(.text)
    TIM1_BRK_IRQHandler                      0x08000233   Thumb Code     0  startup_stm32f103xb.o(.text)
    TIM1_CC_IRQHandler                       0x08000233   Thumb Code     0  startup_stm32f103xb.o(.text)
    TIM1_TRG_COM_IRQHandler                  0x08000233   Thumb Code     0  startup_stm32f103xb.o(.text)
    TIM1_UP_IRQHandler                       0x08000233   Thumb Code     0  startup_stm32f103xb.o(.text)
    TIM2_IRQHandler                          0x08000233   Thumb Code     0  startup_stm32f103xb.o(.text)
    TIM3_IRQHandler                          0x08000233   Thumb Code     0  startup_stm32f103xb.o(.text)
    TIM4_IRQHandler                          0x08000233   Thumb Code     0  startup_stm32f103xb.o(.text)
    USART1_IRQHandler                        0x08000233   Thumb Code     0  startup_stm32f103xb.o(.text)
    USART2_IRQHandler                        0x08000233   Thumb Code     0  startup_stm32f103xb.o(.text)
    USART3_IRQHandler                        0x08000233   Thumb Code     0  startup_stm32f103xb.o(.text)
    USBWakeUp_IRQHandler                     0x08000233   Thumb Code     0  startup_stm32f103xb.o(.text)
    USB_HP_CAN1_TX_IRQHandler                0x08000233   Thumb Code     0  startup_stm32f103xb.o(.text)
    USB_LP_CAN1_RX0_IRQHandler               0x08000233   Thumb Code     0  startup_stm32f103xb.o(.text)
    WWDG_IRQHandler                          0x08000233   Thumb Code     0  startup_stm32f103xb.o(.text)
    __user_initial_stackheap                 0x08000235   Thumb Code     0  startup_stm32f103xb.o(.text)
    __2printf                                0x08000259   Thumb Code    20  noretval__2printf.o(.text)
    __printf                                 0x08000271   Thumb Code   104  __printf.o(.text)
    _printf_str                              0x080002d9   Thumb Code    82  _printf_str.o(.text)
    __aeabi_memclr4                          0x0800032b   Thumb Code     0  rt_memclr_w.o(.text)
    __aeabi_memclr8                          0x0800032b   Thumb Code     0  rt_memclr_w.o(.text)
    __rt_memclr_w                            0x0800032b   Thumb Code    78  rt_memclr_w.o(.text)
    _memset_w                                0x0800032f   Thumb Code     0  rt_memclr_w.o(.text)
    __use_two_region_memory                  0x08000379   Thumb Code     2  heapauxi.o(.text)
    __rt_heap_escrow                         0x0800037b   Thumb Code     2  heapauxi.o(.text)
    __rt_heap_expand                         0x0800037d   Thumb Code     2  heapauxi.o(.text)
    _printf_cs_common                        0x0800037f   Thumb Code    20  _printf_char.o(.text)
    _printf_char                             0x08000393   Thumb Code    16  _printf_char.o(.text)
    _printf_string                           0x080003a3   Thumb Code     8  _printf_char.o(.text)
    _printf_char_file                        0x080003ad   Thumb Code    32  _printf_char_file.o(.text)
    _printf_char_common                      0x080003db   Thumb Code    32  _printf_char_common.o(.text)
    ferror                                   0x08000401   Thumb Code     8  ferror.o(.text)
    _initio                                  0x08000409   Thumb Code   210  initio.o(.text)
    _terminateio                             0x080004db   Thumb Code    56  initio.o(.text)
    _sys_open                                0x08000541   Thumb Code    20  sys_io.o(.text)
    _sys_close                               0x08000555   Thumb Code    12  sys_io.o(.text)
    _sys_write                               0x08000561   Thumb Code    16  sys_io.o(.text)
    _sys_read                                0x08000571   Thumb Code    14  sys_io.o(.text)
    _sys_istty                               0x0800057f   Thumb Code    12  sys_io.o(.text)
    _sys_seek                                0x0800058b   Thumb Code    14  sys_io.o(.text)
    _sys_ensure                              0x08000599   Thumb Code     2  sys_io.o(.text)
    _sys_flen                                0x0800059b   Thumb Code    12  sys_io.o(.text)
    __user_setup_stackheap                   0x080005a7   Thumb Code    74  sys_stackheap_outer.o(.text)
    free                                     0x080005f1   Thumb Code    78  h1_free.o(.text)
    setvbuf                                  0x0800063f   Thumb Code    70  setvbuf.o(.text)
    freopen                                  0x08000685   Thumb Code   158  fopen.o(.text)
    fopen                                    0x08000723   Thumb Code    74  fopen.o(.text)
    _fclose_internal                         0x08000771   Thumb Code    76  fclose.o(.text)
    fclose                                   0x08000771   Thumb Code     0  fclose.o(.text)
    exit                                     0x080007bd   Thumb Code    18  exit.o(.text)
    __rt_SIGRTRED                            0x080007cf   Thumb Code    14  defsig_rtred_outer.o(.text)
    __user_libspace                          0x080007dd   Thumb Code     8  libspace.o(.text)
    __user_perproc_libspace                  0x080007dd   Thumb Code     0  libspace.o(.text)
    __user_perthread_libspace                0x080007dd   Thumb Code     0  libspace.o(.text)
    __I$use$semihosting                      0x080007e5   Thumb Code     0  use_no_semi.o(.text)
    __use_no_semihosting_swi                 0x080007e5   Thumb Code     2  use_no_semi.o(.text)
    __semihosting_library_function           0x080007e7   Thumb Code     0  indicate_semi.o(.text)
    __rt_heap_descriptor                     0x080007e9   Thumb Code     8  rt_heap_descriptor_intlibspace.o(.text)
    __use_no_heap                            0x080007f1   Thumb Code     2  hguard.o(.text)
    __heap$guard                             0x080007f3   Thumb Code     2  hguard.o(.text)
    _terminate_user_alloc                    0x080007f5   Thumb Code     2  init_alloc.o(.text)
    _init_user_alloc                         0x080007f7   Thumb Code     2  init_alloc.o(.text)
    __Heap_Full                              0x080007f9   Thumb Code    34  init_alloc.o(.text)
    __Heap_Broken                            0x0800081b   Thumb Code     6  init_alloc.o(.text)
    _init_alloc                              0x08000821   Thumb Code    94  init_alloc.o(.text)
    malloc                                   0x0800087f   Thumb Code    94  h1_alloc.o(.text)
    _fseek                                   0x080008dd   Thumb Code   242  fseek.o(.text)
    fseek                                    0x080008dd   Thumb Code     0  fseek.o(.text)
    _seterr                                  0x080009d5   Thumb Code    20  stdio.o(.text)
    _writebuf                                0x080009e9   Thumb Code    84  stdio.o(.text)
    _fflush                                  0x08000a3d   Thumb Code    70  stdio.o(.text)
    _deferredlazyseek                        0x08000a83   Thumb Code    60  stdio.o(.text)
    __sig_exit                               0x08000ac5   Thumb Code    10  defsig_exit.o(.text)
    __rt_SIGRTRED_inner                      0x08000ad1   Thumb Code    14  defsig_rtred_inner.o(.text)
    strlen                                   0x08000b05   Thumb Code    62  strlen.o(.text)
    _sys_exit                                0x08000b45   Thumb Code     8  sys_exit.o(.text)
    __Heap_Initialize                        0x08000b51   Thumb Code    10  h1_init.o(.text)
    __Heap_DescSize                          0x08000b5b   Thumb Code     4  h1_init.o(.text)
    __Heap_ProvideMemory                     0x08000b5f   Thumb Code    52  h1_extend.o(.text)
    _ftell_internal                          0x08000b93   Thumb Code    66  ftell.o(.text)
    ftell                                    0x08000b93   Thumb Code     0  ftell.o(.text)
    __default_signal_display                 0x08000bd5   Thumb Code    50  defsig_general.o(.text)
    __rt_SIGRTMEM                            0x08000c07   Thumb Code    14  defsig_rtmem_outer.o(.text)
    _ttywrch                                 0x08000c15   Thumb Code    14  sys_wrch.o(.text)
    __aeabi_errno_addr                       0x08000c25   Thumb Code     8  rt_errno_addr_intlibspace.o(.text)
    __errno$intlibspace                      0x08000c25   Thumb Code     0  rt_errno_addr_intlibspace.o(.text)
    __rt_errno_addr$intlibspace              0x08000c25   Thumb Code     0  rt_errno_addr_intlibspace.o(.text)
    __rt_SIGRTMEM_inner                      0x08000c2d   Thumb Code    22  defsig_rtmem_inner.o(.text)
    BusFault_Handler                         0x08000c7d   Thumb Code     2  stm32f1xx_it.o(i.BusFault_Handler)
    DebugMon_Handler                         0x08000c7f   Thumb Code     2  stm32f1xx_it.o(i.DebugMon_Handler)
    Error_Handler                            0x08000c81   Thumb Code     4  main.o(i.Error_Handler)
    HAL_CRC_Init                             0x08000c85   Thumb Code    34  stm32f1xx_hal_crc.o(i.HAL_CRC_Init)
    HAL_CRC_MspInit                          0x08000ca9   Thumb Code    30  crc.o(i.HAL_CRC_MspInit)
    HAL_Delay                                0x08000cd1   Thumb Code    32  stm32f1xx_hal.o(i.HAL_Delay)
    HAL_GPIO_Init                            0x08000cf5   Thumb Code   446  stm32f1xx_hal_gpio.o(i.HAL_GPIO_Init)
    HAL_GPIO_TogglePin                       0x08000ed5   Thumb Code    16  stm32f1xx_hal_gpio.o(i.HAL_GPIO_TogglePin)
    HAL_GPIO_WritePin                        0x08000ee5   Thumb Code    10  stm32f1xx_hal_gpio.o(i.HAL_GPIO_WritePin)
    HAL_GetTick                              0x08000ef1   Thumb Code     6  stm32f1xx_hal.o(i.HAL_GetTick)
    HAL_IncTick                              0x08000efd   Thumb Code    12  stm32f1xx_hal.o(i.HAL_IncTick)
    HAL_Init                                 0x08000f0d   Thumb Code    32  stm32f1xx_hal.o(i.HAL_Init)
    HAL_InitTick                             0x08000f31   Thumb Code    54  stm32f1xx_hal.o(i.HAL_InitTick)
    HAL_MspInit                              0x08000f71   Thumb Code    52  stm32f1xx_hal_msp.o(i.HAL_MspInit)
    HAL_NVIC_SetPriority                     0x08000fad   Thumb Code    60  stm32f1xx_hal_cortex.o(i.HAL_NVIC_SetPriority)
    HAL_NVIC_SetPriorityGrouping             0x08000fed   Thumb Code    26  stm32f1xx_hal_cortex.o(i.HAL_NVIC_SetPriorityGrouping)
    HAL_RCC_ClockConfig                      0x08001011   Thumb Code   280  stm32f1xx_hal_rcc.o(i.HAL_RCC_ClockConfig)
    HAL_RCC_GetPCLK1Freq                     0x0800113d   Thumb Code    20  stm32f1xx_hal_rcc.o(i.HAL_RCC_GetPCLK1Freq)
    HAL_RCC_GetPCLK2Freq                     0x0800115d   Thumb Code    20  stm32f1xx_hal_rcc.o(i.HAL_RCC_GetPCLK2Freq)
    HAL_RCC_GetSysClockFreq                  0x0800117d   Thumb Code    74  stm32f1xx_hal_rcc.o(i.HAL_RCC_GetSysClockFreq)
    HAL_RCC_OscConfig                        0x080011e9   Thumb Code   778  stm32f1xx_hal_rcc.o(i.HAL_RCC_OscConfig)
    HAL_SYSTICK_Config                       0x08001509   Thumb Code    40  stm32f1xx_hal_cortex.o(i.HAL_SYSTICK_Config)
    HAL_UART_Init                            0x08001531   Thumb Code    98  stm32f1xx_hal_uart.o(i.HAL_UART_Init)
    HAL_UART_MspInit                         0x08001595   Thumb Code   100  usart.o(i.HAL_UART_MspInit)
    HAL_UART_Transmit                        0x08001605   Thumb Code   178  stm32f1xx_hal_uart.o(i.HAL_UART_Transmit)
    HardFault_Handler                        0x080016b7   Thumb Code     2  stm32f1xx_it.o(i.HardFault_Handler)
    MX_CRC_Init                              0x080016b9   Thumb Code    28  crc.o(i.MX_CRC_Init)
    MX_GPIO_Init                             0x080016dd   Thumb Code   104  gpio.o(i.MX_GPIO_Init)
    MX_USART1_UART_Init                      0x0800174d   Thumb Code    48  usart.o(i.MX_USART1_UART_Init)
    MemManage_Handler                        0x08001785   Thumb Code     2  stm32f1xx_it.o(i.MemManage_Handler)
    NMI_Handler                              0x08001787   Thumb Code     2  stm32f1xx_it.o(i.NMI_Handler)
    PendSV_Handler                           0x08001789   Thumb Code     2  stm32f1xx_it.o(i.PendSV_Handler)
    SVC_Handler                              0x0800178b   Thumb Code     2  stm32f1xx_it.o(i.SVC_Handler)
    SysTick_Handler                          0x0800178d   Thumb Code     4  stm32f1xx_it.o(i.SysTick_Handler)
    SystemClock_Config                       0x08001791   Thumb Code    94  main.o(i.SystemClock_Config)
    SystemInit                               0x080017ef   Thumb Code     2  system_stm32f1xx.o(i.SystemInit)
    UsageFault_Handler                       0x0800190d   Thumb Code     2  stm32f1xx_it.o(i.UsageFault_Handler)
    fputc                                    0x08001931   Thumb Code    20  main.o(i.fputc)
    main                                     0x08001949   Thumb Code    48  main.o(i.main)
    pvPortMalloc                             0x08001b65   Thumb Code    80  heap_1.o(i.pvPortMalloc)
    pxPortInitialiseStack                    0x08001bbd   Thumb Code    28  port.o(i.pxPortInitialiseStack)
    task                                     0x08001bdd   Thumb Code    32  main.o(i.task)
    uxListRemove                             0x08001c15   Thumb Code    38  list.o(i.uxListRemove)
    vListInitialise                          0x08001c3b   Thumb Code    22  list.o(i.vListInitialise)
    vListInitialiseItem                      0x08001c51   Thumb Code     6  list.o(i.vListInitialiseItem)
    vPortEnterCritical                       0x08001c59   Thumb Code    20  port.o(i.vPortEnterCritical)
    vPortExitCritical                        0x08001c71   Thumb Code    14  port.o(i.vPortExitCritical)
    vPortFree                                0x08001c85   Thumb Code     2  heap_1.o(i.vPortFree)
    vPortSetupTimerInterrupt                 0x08001c89   Thumb Code    20  port.o(i.vPortSetupTimerInterrupt)
    vPortYield                               0x08001ca1   Thumb Code    18  port.o(i.vPortYield)
    vTaskStartScheduler                      0x08001cb9   Thumb Code    52  tasks.o(i.vTaskStartScheduler)
    vTaskSuspendAll                          0x08001cfd   Thumb Code    10  tasks.o(i.vTaskSuspendAll)
    vTaskSwitchContext                       0x08001d0d   Thumb Code    72  tasks.o(i.vTaskSwitchContext)
    xPortStartScheduler                      0x08001d5d   Thumb Code    38  port.o(i.xPortStartScheduler)
    xTaskCreate                              0x08001d8d   Thumb Code    86  tasks.o(i.xTaskCreate)
    xTaskIncrementTick                       0x08001de5   Thumb Code   276  tasks.o(i.xTaskIncrementTick)
    xTaskResumeAll                           0x08001f01   Thumb Code   252  tasks.o(i.xTaskResumeAll)
    AHBPrescTable                            0x08002004   Data          16  system_stm32f1xx.o(.constdata)
    APBPrescTable                            0x08002014   Data           8  system_stm32f1xx.o(.constdata)
    __stdin_name                             0x0800201c   Data           4  sys_io.o(.constdata)
    __stdout_name                            0x08002020   Data           4  sys_io.o(.constdata)
    __stderr_name                            0x08002024   Data           4  sys_io.o(.constdata)
    Region$$Table$$Base                      0x08002028   Number         0  anon$$obj.o(Region$$Table)
    Region$$Table$$Limit                     0x08002048   Number         0  anon$$obj.o(Region$$Table)
    hcrc                                     0x20000004   Data           8  crc.o(.data)
    uwTickFreq                               0x2000000c   Data           1  stm32f1xx_hal.o(.data)
    uwTickPrio                               0x20000010   Data           4  stm32f1xx_hal.o(.data)
    uwTick                                   0x20000014   Data           4  stm32f1xx_hal.o(.data)
    SystemCoreClock                          0x20000018   Data           4  system_stm32f1xx.o(.data)
    pxCurrentTCB                             0x2000001c   Data           4  tasks.o(.data)
    uxTopUsedPriority                        0x2000004c   Data           4  tasks.o(.data)
    __aeabi_stdin                            0x20000068   Data           4  stdio_streams.o(.data)
    __aeabi_stdout                           0x2000006c   Data           4  stdio_streams.o(.data)
    __aeabi_stderr                           0x20000070   Data           4  stdio_streams.o(.data)
    huart1                                   0x20000074   Data          68  usart.o(.bss)
    __stdin                                  0x20004580   Data          84  stdio_streams.o(.bss)
    __stdout                                 0x200045d4   Data          84  stdio_streams.o(.bss)
    __stderr                                 0x20004628   Data          84  stdio_streams.o(.bss)
    __libspace_start                         0x2000467c   Data          96  libspace.o(.bss)
    __temporary_stack_top$libspace           0x200046dc   Data           0  libspace.o(.bss)



==============================================================================

Memory Map of the image

  Image Entry point : 0x080000ed

  Load Region LR_IROM1 (Base: 0x08000000, Size: 0x000020bc, Max: 0x00010000, ABSOLUTE)

    Execution Region ER_IROM1 (Exec base: 0x08000000, Load base: 0x08000000, Size: 0x00002048, Max: 0x00010000, ABSOLUTE)

    Exec Addr    Load Addr    Size         Type   Attr      Idx    E Section Name        Object

    0x08000000   0x08000000   0x000000ec   Data   RO            3    RESET               startup_stm32f103xb.o
    0x080000ec   0x080000ec   0x00000008   Code   RO         2727  * !!!main             c_w.l(__main.o)
    0x080000f4   0x080000f4   0x00000034   Code   RO         3050    !!!scatter          c_w.l(__scatter.o)
    0x08000128   0x08000128   0x0000001a   Code   RO         3052    !!handler_copy      c_w.l(__scatter_copy.o)
    0x08000142   0x08000142   0x00000002   PAD
    0x08000144   0x08000144   0x0000001c   Code   RO         3054    !!handler_zi        c_w.l(__scatter_zi.o)
    0x08000160   0x08000160   0x00000000   Code   RO         2720    .ARM.Collect$$_printf_percent$$00000000  c_w.l(_printf_percent.o)
    0x08000160   0x08000160   0x00000006   Code   RO         2719    .ARM.Collect$$_printf_percent$$00000013  c_w.l(_printf_c.o)
    0x08000166   0x08000166   0x00000004   Code   RO         2734    .ARM.Collect$$_printf_percent$$00000017  c_w.l(_printf_percent_end.o)
    0x0800016a   0x0800016a   0x00000002   Code   RO         2857    .ARM.Collect$$libinit$$00000000  c_w.l(libinit.o)
    0x0800016c   0x0800016c   0x00000000   Code   RO         2859    .ARM.Collect$$libinit$$00000002  c_w.l(libinit2.o)
    0x0800016c   0x0800016c   0x00000000   Code   RO         2861    .ARM.Collect$$libinit$$00000004  c_w.l(libinit2.o)
    0x0800016c   0x0800016c   0x00000008   Code   RO         2862    .ARM.Collect$$libinit$$00000005  c_w.l(libinit2.o)
    0x08000174   0x08000174   0x00000000   Code   RO         2864    .ARM.Collect$$libinit$$0000000A  c_w.l(libinit2.o)
    0x08000174   0x08000174   0x00000000   Code   RO         2866    .ARM.Collect$$libinit$$0000000C  c_w.l(libinit2.o)
    0x08000174   0x08000174   0x00000000   Code   RO         2868    .ARM.Collect$$libinit$$0000000E  c_w.l(libinit2.o)
    0x08000174   0x08000174   0x00000000   Code   RO         2871    .ARM.Collect$$libinit$$00000011  c_w.l(libinit2.o)
    0x08000174   0x08000174   0x00000000   Code   RO         2873    .ARM.Collect$$libinit$$00000013  c_w.l(libinit2.o)
    0x08000174   0x08000174   0x00000000   Code   RO         2875    .ARM.Collect$$libinit$$00000015  c_w.l(libinit2.o)
    0x08000174   0x08000174   0x00000000   Code   RO         2877    .ARM.Collect$$libinit$$00000017  c_w.l(libinit2.o)
    0x08000174   0x08000174   0x00000000   Code   RO         2879    .ARM.Collect$$libinit$$00000019  c_w.l(libinit2.o)
    0x08000174   0x08000174   0x00000000   Code   RO         2881    .ARM.Collect$$libinit$$0000001B  c_w.l(libinit2.o)
    0x08000174   0x08000174   0x00000000   Code   RO         2883    .ARM.Collect$$libinit$$0000001D  c_w.l(libinit2.o)
    0x08000174   0x08000174   0x00000000   Code   RO         2885    .ARM.Collect$$libinit$$0000001F  c_w.l(libinit2.o)
    0x08000174   0x08000174   0x00000000   Code   RO         2887    .ARM.Collect$$libinit$$00000021  c_w.l(libinit2.o)
    0x08000174   0x08000174   0x00000000   Code   RO         2889    .ARM.Collect$$libinit$$00000023  c_w.l(libinit2.o)
    0x08000174   0x08000174   0x00000004   Code   RO         2890    .ARM.Collect$$libinit$$00000024  c_w.l(libinit2.o)
    0x08000178   0x08000178   0x00000000   Code   RO         2891    .ARM.Collect$$libinit$$00000025  c_w.l(libinit2.o)
    0x08000178   0x08000178   0x00000000   Code   RO         2895    .ARM.Collect$$libinit$$0000002C  c_w.l(libinit2.o)
    0x08000178   0x08000178   0x00000000   Code   RO         2897    .ARM.Collect$$libinit$$0000002E  c_w.l(libinit2.o)
    0x08000178   0x08000178   0x00000000   Code   RO         2899    .ARM.Collect$$libinit$$00000030  c_w.l(libinit2.o)
    0x08000178   0x08000178   0x00000000   Code   RO         2901    .ARM.Collect$$libinit$$00000032  c_w.l(libinit2.o)
    0x08000178   0x08000178   0x00000002   Code   RO         2902    .ARM.Collect$$libinit$$00000033  c_w.l(libinit2.o)
    0x0800017a   0x0800017a   0x00000002   Code   RO         3029    .ARM.Collect$$libshutdown$$00000000  c_w.l(libshutdown.o)
    0x0800017c   0x0800017c   0x00000000   Code   RO         2904    .ARM.Collect$$libshutdown$$00000002  c_w.l(libshutdown2.o)
    0x0800017c   0x0800017c   0x00000000   Code   RO         2906    .ARM.Collect$$libshutdown$$00000004  c_w.l(libshutdown2.o)
    0x0800017c   0x0800017c   0x00000004   Code   RO         2907    .ARM.Collect$$libshutdown$$00000005  c_w.l(libshutdown2.o)
    0x08000180   0x08000180   0x00000000   Code   RO         2908    .ARM.Collect$$libshutdown$$00000006  c_w.l(libshutdown2.o)
    0x08000180   0x08000180   0x00000000   Code   RO         2911    .ARM.Collect$$libshutdown$$00000009  c_w.l(libshutdown2.o)
    0x08000180   0x08000180   0x00000000   Code   RO         2914    .ARM.Collect$$libshutdown$$0000000C  c_w.l(libshutdown2.o)
    0x08000180   0x08000180   0x00000000   Code   RO         2916    .ARM.Collect$$libshutdown$$0000000E  c_w.l(libshutdown2.o)
    0x08000180   0x08000180   0x00000000   Code   RO         2919    .ARM.Collect$$libshutdown$$00000011  c_w.l(libshutdown2.o)
    0x08000180   0x08000180   0x00000002   Code   RO         2920    .ARM.Collect$$libshutdown$$00000012  c_w.l(libshutdown2.o)
    0x08000182   0x08000182   0x00000000   Code   RO         2729    .ARM.Collect$$rtentry$$00000000  c_w.l(__rtentry.o)
    0x08000182   0x08000182   0x00000000   Code   RO         2744    .ARM.Collect$$rtentry$$00000002  c_w.l(__rtentry2.o)
    0x08000182   0x08000182   0x00000006   Code   RO         2756    .ARM.Collect$$rtentry$$00000004  c_w.l(__rtentry4.o)
    0x08000188   0x08000188   0x00000000   Code   RO         2746    .ARM.Collect$$rtentry$$00000009  c_w.l(__rtentry2.o)
    0x08000188   0x08000188   0x00000004   Code   RO         2747    .ARM.Collect$$rtentry$$0000000A  c_w.l(__rtentry2.o)
    0x0800018c   0x0800018c   0x00000000   Code   RO         2749    .ARM.Collect$$rtentry$$0000000C  c_w.l(__rtentry2.o)
    0x0800018c   0x0800018c   0x00000008   Code   RO         2750    .ARM.Collect$$rtentry$$0000000D  c_w.l(__rtentry2.o)
    0x08000194   0x08000194   0x00000002   Code   RO         2927    .ARM.Collect$$rtexit$$00000000  c_w.l(rtexit.o)
    0x08000196   0x08000196   0x00000000   Code   RO         2975    .ARM.Collect$$rtexit$$00000002  c_w.l(rtexit2.o)
    0x08000196   0x08000196   0x00000004   Code   RO         2976    .ARM.Collect$$rtexit$$00000003  c_w.l(rtexit2.o)
    0x0800019a   0x0800019a   0x00000006   Code   RO         2977    .ARM.Collect$$rtexit$$00000004  c_w.l(rtexit2.o)
    0x080001a0   0x080001a0   0x00000078   Code   RO         2583    .emb_text           port.o
    0x08000218   0x08000218   0x00000000   Code   RO         2981    .emb_text           c_w.l(maybetermalloc1.o)
    0x08000218   0x08000218   0x00000040   Code   RO            4    .text               startup_stm32f103xb.o
    0x08000258   0x08000258   0x00000018   Code   RO         2693    .text               c_w.l(noretval__2printf.o)
    0x08000270   0x08000270   0x00000068   Code   RO         2695    .text               c_w.l(__printf.o)
    0x080002d8   0x080002d8   0x00000052   Code   RO         2697    .text               c_w.l(_printf_str.o)
    0x0800032a   0x0800032a   0x0000004e   Code   RO         2723    .text               c_w.l(rt_memclr_w.o)
    0x08000378   0x08000378   0x00000006   Code   RO         2725    .text               c_w.l(heapauxi.o)
    0x0800037e   0x0800037e   0x0000002c   Code   RO         2730    .text               c_w.l(_printf_char.o)
    0x080003aa   0x080003aa   0x00000002   PAD
    0x080003ac   0x080003ac   0x00000024   Code   RO         2732    .text               c_w.l(_printf_char_file.o)
    0x080003d0   0x080003d0   0x00000030   Code   RO         2758    .text               c_w.l(_printf_char_common.o)
    0x08000400   0x08000400   0x00000008   Code   RO         2760    .text               c_w.l(ferror.o)
    0x08000408   0x08000408   0x00000138   Code   RO         2762    .text               c_w.l(initio.o)
    0x08000540   0x08000540   0x00000066   Code   RO         2768    .text               c_w.l(sys_io.o)
    0x080005a6   0x080005a6   0x0000004a   Code   RO         2775    .text               c_w.l(sys_stackheap_outer.o)
    0x080005f0   0x080005f0   0x0000004e   Code   RO         2779    .text               c_w.l(h1_free.o)
    0x0800063e   0x0800063e   0x00000046   Code   RO         2835    .text               c_w.l(setvbuf.o)
    0x08000684   0x08000684   0x000000ec   Code   RO         2838    .text               c_w.l(fopen.o)
    0x08000770   0x08000770   0x0000004c   Code   RO         2840    .text               c_w.l(fclose.o)
    0x080007bc   0x080007bc   0x00000012   Code   RO         2846    .text               c_w.l(exit.o)
    0x080007ce   0x080007ce   0x0000000e   Code   RO         2848    .text               c_w.l(defsig_rtred_outer.o)
    0x080007dc   0x080007dc   0x00000008   Code   RO         2921    .text               c_w.l(libspace.o)
    0x080007e4   0x080007e4   0x00000002   Code   RO         2924    .text               c_w.l(use_no_semi.o)
    0x080007e6   0x080007e6   0x00000000   Code   RO         2926    .text               c_w.l(indicate_semi.o)
    0x080007e6   0x080007e6   0x00000002   PAD
    0x080007e8   0x080007e8   0x00000008   Code   RO         2934    .text               c_w.l(rt_heap_descriptor_intlibspace.o)
    0x080007f0   0x080007f0   0x00000004   Code   RO         2936    .text               c_w.l(hguard.o)
    0x080007f4   0x080007f4   0x0000008a   Code   RO         2938    .text               c_w.l(init_alloc.o)
    0x0800087e   0x0800087e   0x0000005e   Code   RO         2944    .text               c_w.l(h1_alloc.o)
    0x080008dc   0x080008dc   0x000000f8   Code   RO         2958    .text               c_w.l(fseek.o)
    0x080009d4   0x080009d4   0x000000f0   Code   RO         2960    .text               c_w.l(stdio.o)
    0x08000ac4   0x08000ac4   0x0000000a   Code   RO         2962    .text               c_w.l(defsig_exit.o)
    0x08000ace   0x08000ace   0x00000002   PAD
    0x08000ad0   0x08000ad0   0x00000034   Code   RO         2964    .text               c_w.l(defsig_rtred_inner.o)
    0x08000b04   0x08000b04   0x0000003e   Code   RO         2966    .text               c_w.l(strlen.o)
    0x08000b42   0x08000b42   0x00000002   PAD
    0x08000b44   0x08000b44   0x0000000c   Code   RO         2972    .text               c_w.l(sys_exit.o)
    0x08000b50   0x08000b50   0x0000000e   Code   RO         2983    .text               c_w.l(h1_init.o)
    0x08000b5e   0x08000b5e   0x00000034   Code   RO         2985    .text               c_w.l(h1_extend.o)
    0x08000b92   0x08000b92   0x00000042   Code   RO         2991    .text               c_w.l(ftell.o)
    0x08000bd4   0x08000bd4   0x00000032   Code   RO         2995    .text               c_w.l(defsig_general.o)
    0x08000c06   0x08000c06   0x0000000e   Code   RO         2997    .text               c_w.l(defsig_rtmem_outer.o)
    0x08000c14   0x08000c14   0x0000000e   Code   RO         3010    .text               c_w.l(sys_wrch.o)
    0x08000c22   0x08000c22   0x00000002   PAD
    0x08000c24   0x08000c24   0x00000008   Code   RO         3017    .text               c_w.l(rt_errno_addr_intlibspace.o)
    0x08000c2c   0x08000c2c   0x00000050   Code   RO         3023    .text               c_w.l(defsig_rtmem_inner.o)
    0x08000c7c   0x08000c7c   0x00000002   Code   RO          298    i.BusFault_Handler  stm32f1xx_it.o
    0x08000c7e   0x08000c7e   0x00000002   Code   RO          299    i.DebugMon_Handler  stm32f1xx_it.o
    0x08000c80   0x08000c80   0x00000004   Code   RO           13    i.Error_Handler     main.o
    0x08000c84   0x08000c84   0x00000022   Code   RO          437    i.HAL_CRC_Init      stm32f1xx_hal_crc.o
    0x08000ca6   0x08000ca6   0x00000002   PAD
    0x08000ca8   0x08000ca8   0x00000028   Code   RO          215    i.HAL_CRC_MspInit   crc.o
    0x08000cd0   0x08000cd0   0x00000024   Code   RO          500    i.HAL_Delay         stm32f1xx_hal.o
    0x08000cf4   0x08000cf4   0x000001e0   Code   RO          808    i.HAL_GPIO_Init     stm32f1xx_hal_gpio.o
    0x08000ed4   0x08000ed4   0x00000010   Code   RO          811    i.HAL_GPIO_TogglePin  stm32f1xx_hal_gpio.o
    0x08000ee4   0x08000ee4   0x0000000a   Code   RO          812    i.HAL_GPIO_WritePin  stm32f1xx_hal_gpio.o
    0x08000eee   0x08000eee   0x00000002   PAD
    0x08000ef0   0x08000ef0   0x0000000c   Code   RO          504    i.HAL_GetTick       stm32f1xx_hal.o
    0x08000efc   0x08000efc   0x00000010   Code   RO          510    i.HAL_IncTick       stm32f1xx_hal.o
    0x08000f0c   0x08000f0c   0x00000024   Code   RO          511    i.HAL_Init          stm32f1xx_hal.o
    0x08000f30   0x08000f30   0x00000040   Code   RO          512    i.HAL_InitTick      stm32f1xx_hal.o
    0x08000f70   0x08000f70   0x0000003c   Code   RO          373    i.HAL_MspInit       stm32f1xx_hal_msp.o
    0x08000fac   0x08000fac   0x00000040   Code   RO          974    i.HAL_NVIC_SetPriority  stm32f1xx_hal_cortex.o
    0x08000fec   0x08000fec   0x00000024   Code   RO          975    i.HAL_NVIC_SetPriorityGrouping  stm32f1xx_hal_cortex.o
    0x08001010   0x08001010   0x0000012c   Code   RO          668    i.HAL_RCC_ClockConfig  stm32f1xx_hal_rcc.o
    0x0800113c   0x0800113c   0x00000020   Code   RO          675    i.HAL_RCC_GetPCLK1Freq  stm32f1xx_hal_rcc.o
    0x0800115c   0x0800115c   0x00000020   Code   RO          676    i.HAL_RCC_GetPCLK2Freq  stm32f1xx_hal_rcc.o
    0x0800117c   0x0800117c   0x0000006c   Code   RO          677    i.HAL_RCC_GetSysClockFreq  stm32f1xx_hal_rcc.o
    0x080011e8   0x080011e8   0x00000320   Code   RO          680    i.HAL_RCC_OscConfig  stm32f1xx_hal_rcc.o
    0x08001508   0x08001508   0x00000028   Code   RO          979    i.HAL_SYSTICK_Config  stm32f1xx_hal_cortex.o
    0x08001530   0x08001530   0x00000062   Code   RO         1533    i.HAL_UART_Init     stm32f1xx_hal_uart.o
    0x08001592   0x08001592   0x00000002   PAD
    0x08001594   0x08001594   0x00000070   Code   RO          257    i.HAL_UART_MspInit  usart.o
    0x08001604   0x08001604   0x000000b2   Code   RO         1541    i.HAL_UART_Transmit  stm32f1xx_hal_uart.o
    0x080016b6   0x080016b6   0x00000002   Code   RO          300    i.HardFault_Handler  stm32f1xx_it.o
    0x080016b8   0x080016b8   0x00000024   Code   RO          216    i.MX_CRC_Init       crc.o
    0x080016dc   0x080016dc   0x00000070   Code   RO          190    i.MX_GPIO_Init      gpio.o
    0x0800174c   0x0800174c   0x00000038   Code   RO          258    i.MX_USART1_UART_Init  usart.o
    0x08001784   0x08001784   0x00000002   Code   RO          301    i.MemManage_Handler  stm32f1xx_it.o
    0x08001786   0x08001786   0x00000002   Code   RO          302    i.NMI_Handler       stm32f1xx_it.o
    0x08001788   0x08001788   0x00000002   Code   RO          303    i.PendSV_Handler    stm32f1xx_it.o
    0x0800178a   0x0800178a   0x00000002   Code   RO          304    i.SVC_Handler       stm32f1xx_it.o
    0x0800178c   0x0800178c   0x00000004   Code   RO          305    i.SysTick_Handler   stm32f1xx_it.o
    0x08001790   0x08001790   0x0000005e   Code   RO           14    i.SystemClock_Config  main.o
    0x080017ee   0x080017ee   0x00000002   Code   RO         1862    i.SystemInit        system_stm32f1xx.o
    0x080017f0   0x080017f0   0x000000b8   Code   RO         1559    i.UART_SetConfig    stm32f1xx_hal_uart.o
    0x080018a8   0x080018a8   0x00000064   Code   RO         1562    i.UART_WaitOnFlagUntilTimeout  stm32f1xx_hal_uart.o
    0x0800190c   0x0800190c   0x00000002   Code   RO          306    i.UsageFault_Handler  stm32f1xx_it.o
    0x0800190e   0x0800190e   0x00000020   Code   RO          981    i.__NVIC_SetPriority  stm32f1xx_hal_cortex.o
    0x0800192e   0x0800192e   0x00000002   PAD
    0x08001930   0x08001930   0x00000018   Code   RO           15    i.fputc             main.o
    0x08001948   0x08001948   0x00000040   Code   RO           16    i.main              main.o
    0x08001988   0x08001988   0x000000e0   Code   RO         2298    i.prvAddNewTaskToReadyList  tasks.o
    0x08001a68   0x08001a68   0x00000014   Code   RO         2299    i.prvDeleteTCB      tasks.o
    0x08001a7c   0x08001a7c   0x0000004c   Code   RO         2300    i.prvIdleTask       tasks.o
    0x08001ac8   0x08001ac8   0x0000007c   Code   RO         2301    i.prvInitialiseNewTask  tasks.o
    0x08001b44   0x08001b44   0x0000001c   Code   RO         2302    i.prvResetNextTaskUnblockTime  tasks.o
    0x08001b60   0x08001b60   0x00000004   Code   RO         2584    i.prvTaskExitError  port.o
    0x08001b64   0x08001b64   0x00000058   Code   RO         2654    i.pvPortMalloc      heap_1.o
    0x08001bbc   0x08001bbc   0x00000020   Code   RO         2585    i.pxPortInitialiseStack  port.o
    0x08001bdc   0x08001bdc   0x00000038   Code   RO           17    i.task              main.o
    0x08001c14   0x08001c14   0x00000026   Code   RO         1991    i.uxListRemove      list.o
    0x08001c3a   0x08001c3a   0x00000016   Code   RO         1992    i.vListInitialise   list.o
    0x08001c50   0x08001c50   0x00000006   Code   RO         1993    i.vListInitialiseItem  list.o
    0x08001c56   0x08001c56   0x00000002   PAD
    0x08001c58   0x08001c58   0x00000018   Code   RO         2587    i.vPortEnterCritical  port.o
    0x08001c70   0x08001c70   0x00000014   Code   RO         2588    i.vPortExitCritical  port.o
    0x08001c84   0x08001c84   0x00000002   Code   RO         2655    i.vPortFree         heap_1.o
    0x08001c86   0x08001c86   0x00000002   PAD
    0x08001c88   0x08001c88   0x00000018   Code   RO         2590    i.vPortSetupTimerInterrupt  port.o
    0x08001ca0   0x08001ca0   0x00000018   Code   RO         2591    i.vPortYield        port.o
    0x08001cb8   0x08001cb8   0x00000044   Code   RO         2322    i.vTaskStartScheduler  tasks.o
    0x08001cfc   0x08001cfc   0x00000010   Code   RO         2324    i.vTaskSuspendAll   tasks.o
    0x08001d0c   0x08001d0c   0x00000050   Code   RO         2325    i.vTaskSwitchContext  tasks.o
    0x08001d5c   0x08001d5c   0x00000030   Code   RO         2592    i.xPortStartScheduler  port.o
    0x08001d8c   0x08001d8c   0x00000056   Code   RO         2328    i.xTaskCreate       tasks.o
    0x08001de2   0x08001de2   0x00000002   PAD
    0x08001de4   0x08001de4   0x0000011c   Code   RO         2337    i.xTaskIncrementTick  tasks.o
    0x08001f00   0x08001f00   0x00000104   Code   RO         2339    i.xTaskResumeAll    tasks.o
    0x08002004   0x08002004   0x00000010   Data   RO         1863    .constdata          system_stm32f1xx.o
    0x08002014   0x08002014   0x00000008   Data   RO         1864    .constdata          system_stm32f1xx.o
    0x0800201c   0x0800201c   0x00000004   Data   RO         2769    .constdata          c_w.l(sys_io.o)
    0x08002020   0x08002020   0x00000004   Data   RO         2770    .constdata          c_w.l(sys_io.o)
    0x08002024   0x08002024   0x00000004   Data   RO         2771    .constdata          c_w.l(sys_io.o)
    0x08002028   0x08002028   0x00000020   Data   RO         3048    Region$$Table       anon$$obj.o


    Execution Region RW_IRAM1 (Exec base: 0x20000000, Load base: 0x08002048, Size: 0x00004ce0, Max: 0x00005000, ABSOLUTE)

    Exec Addr    Load Addr    Size         Type   Attr      Idx    E Section Name        Object

    0x20000000   0x08002048   0x00000004   Data   RW           18    .data               main.o
    0x20000004   0x0800204c   0x00000008   Data   RW          217    .data               crc.o
    0x2000000c   0x08002054   0x0000000c   Data   RW          518    .data               stm32f1xx_hal.o
    0x20000018   0x08002060   0x00000004   Data   RW         1865    .data               system_stm32f1xx.o
    0x2000001c   0x08002064   0x00000040   Data   RW         2342    .data               tasks.o
    0x2000005c   0x080020a4   0x00000004   Data   RW         2594    .data               port.o
    0x20000060   0x080020a8   0x00000008   Data   RW         2659    .data               heap_1.o
    0x20000068   0x080020b0   0x00000004   Data   RW         2738    .data               c_w.l(stdio_streams.o)
    0x2000006c   0x080020b4   0x00000004   Data   RW         2739    .data               c_w.l(stdio_streams.o)
    0x20000070   0x080020b8   0x00000004   Data   RW         2740    .data               c_w.l(stdio_streams.o)
    0x20000074        -       0x00000044   Zero   RW          259    .bss                usart.o
    0x200000b8        -       0x000000c8   Zero   RW         2341    .bss                tasks.o
    0x20000180        -       0x00004400   Zero   RW         2658    .bss                heap_1.o
    0x20004580        -       0x00000054   Zero   RW         2735    .bss                c_w.l(stdio_streams.o)
    0x200045d4        -       0x00000054   Zero   RW         2736    .bss                c_w.l(stdio_streams.o)
    0x20004628        -       0x00000054   Zero   RW         2737    .bss                c_w.l(stdio_streams.o)
    0x2000467c        -       0x00000060   Zero   RW         2922    .bss                c_w.l(libspace.o)
    0x200046dc   0x080020bc   0x00000004   PAD
    0x200046e0        -       0x00000200   Zero   RW            2    HEAP                startup_stm32f103xb.o
    0x200048e0        -       0x00000400   Zero   RW            1    STACK               startup_stm32f103xb.o


==============================================================================

Image component sizes


      Code (inc. data)   RO Data    RW Data    ZI Data      Debug   Object Name

        76         18          0          8          0       1435   crc.o
         0          0          0          0          0       1472   event_groups.o
       112          8          0          0          0        887   gpio.o
        90          8          0          8      17408       1911   heap_1.o
        66          0          0          0          0       1895   list.o
       242         44          0          4          0     412355   main.o
       296         44          0          4          0       5599   port.o
        64         26        236          0       1536        796   startup_stm32f103xb.o
       164         28          0         12          0       6333   stm32f1xx_hal.o
       172         14          0          0          0      28730   stm32f1xx_hal_cortex.o
        34          0          0          0          0       1195   stm32f1xx_hal_crc.o
       506         34          0          0          0       3773   stm32f1xx_hal_gpio.o
        60          8          0          0          0        842   stm32f1xx_hal_msp.o
      1272        100          0          0          0       5572   stm32f1xx_hal_rcc.o
       560          6          0          0          0       4276   stm32f1xx_hal_uart.o
        20          0          0          0          0       3746   stm32f1xx_it.o
         2          0         24          4          0       1127   system_stm32f1xx.o
      1266         68          0         64        200      17647   tasks.o
       168         20          0          0         68       1626   usart.o

    ----------------------------------------------------------------------
      5184        426        292        104      19212     501217   Object Totals
         0          0         32          0          0          0   (incl. Generated)
        14          0          0          0          0          0   (incl. Padding)

    ----------------------------------------------------------------------

      Code (inc. data)   RO Data    RW Data    ZI Data      Debug   Library Member Name

         8          0          0          0          0         68   __main.o
       104          0          0          0          0         84   __printf.o
         0          0          0          0          0          0   __rtentry.o
        12          0          0          0          0          0   __rtentry2.o
         6          0          0          0          0          0   __rtentry4.o
        52          8          0          0          0          0   __scatter.o
        26          0          0          0          0          0   __scatter_copy.o
        28          0          0          0          0          0   __scatter_zi.o
         6          0          0          0          0          0   _printf_c.o
        44          0          0          0          0        108   _printf_char.o
        48          6          0          0          0         96   _printf_char_common.o
        36          4          0          0          0         80   _printf_char_file.o
         0          0          0          0          0          0   _printf_percent.o
         4          0          0          0          0          0   _printf_percent_end.o
        82          0          0          0          0         80   _printf_str.o
        10          0          0          0          0         68   defsig_exit.o
        50          0          0          0          0         88   defsig_general.o
        80         58          0          0          0         76   defsig_rtmem_inner.o
        14          0          0          0          0         80   defsig_rtmem_outer.o
        52         38          0          0          0         76   defsig_rtred_inner.o
        14          0          0          0          0         80   defsig_rtred_outer.o
        18          0          0          0          0         80   exit.o
        76          0          0          0          0         88   fclose.o
         8          0          0          0          0         68   ferror.o
       236          4          0          0          0        128   fopen.o
       248          6          0          0          0         84   fseek.o
        66          0          0          0          0         76   ftell.o
        94          0          0          0          0         80   h1_alloc.o
        52          0          0          0          0         68   h1_extend.o
        78          0          0          0          0         80   h1_free.o
        14          0          0          0          0         84   h1_init.o
         6          0          0          0          0        152   heapauxi.o
         4          0          0          0          0        136   hguard.o
         0          0          0          0          0          0   indicate_semi.o
       138          0          0          0          0        168   init_alloc.o
       312         46          0          0          0        112   initio.o
         2          0          0          0          0          0   libinit.o
        14          0          0          0          0          0   libinit2.o
         2          0          0          0          0          0   libshutdown.o
         6          0          0          0          0          0   libshutdown2.o
         8          4          0          0         96         68   libspace.o
         0          0          0          0          0          0   maybetermalloc1.o
        24          4          0          0          0         84   noretval__2printf.o
         8          4          0          0          0         68   rt_errno_addr_intlibspace.o
         8          4          0          0          0         68   rt_heap_descriptor_intlibspace.o
        78          0          0          0          0         80   rt_memclr_w.o
         2          0          0          0          0          0   rtexit.o
        10          0          0          0          0          0   rtexit2.o
        70          0          0          0          0         80   setvbuf.o
       240          6          0          0          0        156   stdio.o
         0          0          0         12        252          0   stdio_streams.o
        62          0          0          0          0         76   strlen.o
        12          4          0          0          0         68   sys_exit.o
       102          0         12          0          0        240   sys_io.o
        74          0          0          0          0         80   sys_stackheap_outer.o
        14          0          0          0          0         76   sys_wrch.o
         2          0          0          0          0         68   use_no_semi.o

    ----------------------------------------------------------------------
      2776        196         12         12        352       3600   Library Totals
        12          0          0          0          4          0   (incl. Padding)

    ----------------------------------------------------------------------

      Code (inc. data)   RO Data    RW Data    ZI Data      Debug   Library Name

      2764        196         12         12        348       3600   c_w.l

    ----------------------------------------------------------------------
      2776        196         12         12        352       3600   Library Totals

    ----------------------------------------------------------------------

==============================================================================


      Code (inc. data)   RO Data    RW Data    ZI Data      Debug   

      7960        622        304        116      19564     499769   Grand Totals
      7960        622        304        116      19564     499769   ELF Image Totals
      7960        622        304        116          0          0   ROM Totals

==============================================================================

    Total RO  Size (Code + RO Data)                 8264 (   8.07kB)
    Total RW  Size (RW Data + ZI Data)             19680 (  19.22kB)
    Total ROM Size (Code + RO Data + RW Data)       8380 (   8.18kB)

==============================================================================

